Archive member included to satisfy reference by file (symbol)

C:/MaximSDK/Libraries/PeriphDrivers/bin/MAX78000/softfp/libPeriphDriver_softfp.a(mxc_delay.o)
                              C:/MaximSDK/Examples/MAX78000/WUT/build/board.o (MXC_Delay)
C:/MaximSDK/Libraries/PeriphDrivers/bin/MAX78000/softfp/libPeriphDriver_softfp.a(pins_ai85.o)
                              C:/MaximSDK/Examples/MAX78000/WUT/build/camera.o (gpio_cfg_pcif_xclk)
C:/MaximSDK/Libraries/PeriphDrivers/bin/MAX78000/softfp/libPeriphDriver_softfp.a(sys_ai85.o)
                              C:/MaximSDK/Examples/MAX78000/WUT/build/board.o (MXC_SYS_ClockEnable)
C:/MaximSDK/Libraries/PeriphDrivers/bin/MAX78000/softfp/libPeriphDriver_softfp.a(nvic_table.o)
                              C:/MaximSDK/Examples/MAX78000/WUT/build/camera.o (MXC_NVIC_SetVector)
C:/MaximSDK/Libraries/PeriphDrivers/bin/MAX78000/softfp/libPeriphDriver_softfp.a(cameraif_ai85.o)
                              C:/MaximSDK/Examples/MAX78000/WUT/build/camera.o (MXC_PCIF_Init)
C:/MaximSDK/Libraries/PeriphDrivers/bin/MAX78000/softfp/libPeriphDriver_softfp.a(cameraif_reva.o)
                              C:/MaximSDK/Libraries/PeriphDrivers/bin/MAX78000/softfp/libPeriphDriver_softfp.a(cameraif_ai85.o) (MXC_PCIF_RevA_SetDatawidth)
C:/MaximSDK/Libraries/PeriphDrivers/bin/MAX78000/softfp/libPeriphDriver_softfp.a(dma_me17.o)
                              C:/MaximSDK/Examples/MAX78000/WUT/build/camera.o (MXC_DMA_SetCallback)
C:/MaximSDK/Libraries/PeriphDrivers/bin/MAX78000/softfp/libPeriphDriver_softfp.a(dma_reva.o)
                              C:/MaximSDK/Libraries/PeriphDrivers/bin/MAX78000/softfp/libPeriphDriver_softfp.a(dma_me17.o) (MXC_DMA_RevA_Init)
C:/MaximSDK/Libraries/PeriphDrivers/bin/MAX78000/softfp/libPeriphDriver_softfp.a(lp_ai85.o)
                              C:/MaximSDK/Examples/MAX78000/WUT/build/main.o (MXC_LP_EnterSleepMode)
C:/MaximSDK/Libraries/PeriphDrivers/bin/MAX78000/softfp/libPeriphDriver_softfp.a(flc_me17.o)
                              C:/MaximSDK/Libraries/PeriphDrivers/bin/MAX78000/softfp/libPeriphDriver_softfp.a(sys_ai85.o) (MXC_FLC_UnlockInfoBlock)
C:/MaximSDK/Libraries/PeriphDrivers/bin/MAX78000/softfp/libPeriphDriver_softfp.a(flc_reva.o)
                              C:/MaximSDK/Libraries/PeriphDrivers/bin/MAX78000/softfp/libPeriphDriver_softfp.a(flc_me17.o) (MXC_FLC_RevA_Busy)
C:/MaximSDK/Libraries/PeriphDrivers/bin/MAX78000/softfp/libPeriphDriver_softfp.a(gpio_ai85.o)
                              C:/MaximSDK/Examples/MAX78000/WUT/build/led.o (MXC_GPIO_Config)
C:/MaximSDK/Libraries/PeriphDrivers/bin/MAX78000/softfp/libPeriphDriver_softfp.a(gpio_reva.o)
                              C:/MaximSDK/Libraries/PeriphDrivers/bin/MAX78000/softfp/libPeriphDriver_softfp.a(gpio_ai85.o) (MXC_GPIO_RevA_InGet)
C:/MaximSDK/Libraries/PeriphDrivers/bin/MAX78000/softfp/libPeriphDriver_softfp.a(i2c_me17.o)
                              C:/MaximSDK/Examples/MAX78000/WUT/build/max20303.o (MXC_I2C_Init)
C:/MaximSDK/Libraries/PeriphDrivers/bin/MAX78000/softfp/libPeriphDriver_softfp.a(i2c_reva.o)
                              C:/MaximSDK/Libraries/PeriphDrivers/bin/MAX78000/softfp/libPeriphDriver_softfp.a(i2c_me17.o) (MXC_I2C_RevA_DMACallback)
C:/MaximSDK/Libraries/PeriphDrivers/bin/MAX78000/softfp/libPeriphDriver_softfp.a(icc_me17.o)
                              C:/MaximSDK/Examples/MAX78000/WUT/build/system_max78000.o (MXC_ICC_Enable)
C:/MaximSDK/Libraries/PeriphDrivers/bin/MAX78000/softfp/libPeriphDriver_softfp.a(icc_reva.o)
                              C:/MaximSDK/Libraries/PeriphDrivers/bin/MAX78000/softfp/libPeriphDriver_softfp.a(icc_me17.o) (MXC_ICC_RevA_ID)
C:/MaximSDK/Libraries/PeriphDrivers/bin/MAX78000/softfp/libPeriphDriver_softfp.a(pt_me17.o)
                              C:/MaximSDK/Examples/MAX78000/WUT/build/camera.o (MXC_PT_Init)
C:/MaximSDK/Libraries/PeriphDrivers/bin/MAX78000/softfp/libPeriphDriver_softfp.a(pt_reva.o)
                              C:/MaximSDK/Libraries/PeriphDrivers/bin/MAX78000/softfp/libPeriphDriver_softfp.a(pt_me17.o) (MXC_PT_RevA_Init)
C:/MaximSDK/Libraries/PeriphDrivers/bin/MAX78000/softfp/libPeriphDriver_softfp.a(spi_me17.o)
                              C:/MaximSDK/Examples/MAX78000/WUT/build/tft_ili9341.o (MXC_SPI_Init)
C:/MaximSDK/Libraries/PeriphDrivers/bin/MAX78000/softfp/libPeriphDriver_softfp.a(spi_reva.o)
                              C:/MaximSDK/Libraries/PeriphDrivers/bin/MAX78000/softfp/libPeriphDriver_softfp.a(spi_me17.o) (MXC_SPI_RevA_Init)
C:/MaximSDK/Libraries/PeriphDrivers/bin/MAX78000/softfp/libPeriphDriver_softfp.a(uart_ai85.o)
                              C:/MaximSDK/Examples/MAX78000/WUT/build/board.o (MXC_UART_Shutdown)
C:/MaximSDK/Libraries/PeriphDrivers/bin/MAX78000/softfp/libPeriphDriver_softfp.a(uart_common.o)
[...]
Memory Configuration

Name             Origin             Length             Attributes
ROM              0x00000000         0x00010000         xr
FLASH            0x10000000         0x00080000         xr
SRAM             0x20000000         0x00020000         xrw
*default*        0x00000000         0xffffffff

Linker script and memory map

LOAD c:/maximsdk/tools/gnutools/10.3/bin/../lib/gcc/arm-none-eabi/10.3.1/thumb/v7e-m+fp/softfp/crti.o
LOAD c:/maximsdk/tools/gnutools/10.3/bin/../lib/gcc/arm-none-eabi/10.3.1/thumb/v7e-m+fp/softfp/crtbegin.o
LOAD c:/maximsdk/tools/gnutools/10.3/bin/../lib/gcc/arm-none-eabi/10.3.1/../../../../arm-none-eabi/lib/thumb/v7e-m+fp/softfp/crt0.o
LOAD C:/MaximSDK/Examples/MAX78000/WUT/build/main.o
LOAD C:/MaximSDK/Examples/MAX78000/WUT/build/board.o
LOAD C:/MaximSDK/Examples/MAX78000/WUT/build/stdio.o
LOAD C:/MaximSDK/Examples/MAX78000/WUT/build/led.o
LOAD C:/MaximSDK/Examples/MAX78000/WUT/build/pb.o
LOAD C:/MaximSDK/Examples/MAX78000/WUT/build/tft_ili9341.o
LOAD C:/MaximSDK/Examples/MAX78000/WUT/build/camera.o
LOAD C:/MaximSDK/Examples/MAX78000/WUT/build/ov7692.o
LOAD C:/MaximSDK/Examples/MAX78000/WUT/build/sccb.o
LOAD C:/MaximSDK/Examples/MAX78000/WUT/build/max20303.o
LOAD C:/MaximSDK/Examples/MAX78000/WUT/build/max9867.o
LOAD C:/MaximSDK/Examples/MAX78000/WUT/build/startup_max78000.o
LOAD C:/MaximSDK/Examples/MAX78000/WUT/build/heap.o
LOAD C:/MaximSDK/Examples/MAX78000/WUT/build/system_max78000.o
START GROUP
LOAD C:/MaximSDK/Libraries/PeriphDrivers/bin/MAX78000/softfp/libPeriphDriver_softfp.a
LOAD c:/maximsdk/tools/gnutools/10.3/bin/../lib/gcc/arm-none-eabi/10.3.1/../../../../arm-none-eabi/lib/thumb/v7e-m+fp/softfp\libc.a
LOAD c:/maximsdk/tools/gnutools/10.3/bin/../lib/gcc/arm-none-eabi/10.3.1/../../../../arm-none-eabi/lib/thumb/v7e-m+fp/softfp\libm.a
LOAD c:/maximsdk/tools/gnutools/10.3/bin/../lib/gcc/arm-none-eabi/10.3.1/../../../../arm-none-eabi/lib/thumb/v7e-m+fp/softfp\libnosys.a
END GROUP
START GROUP
LOAD c:/maximsdk/tools/gnutools/10.3/bin/../lib/gcc/arm-none-eabi/10.3.1/thumb/v7e-m+fp/softfp\libgcc.a
LOAD c:/maximsdk/tools/gnutools/10.3/bin/../lib/gcc/arm-none-eabi/10.3.1/../../../../arm-none-eabi/lib/thumb/v7e-m+fp/softfp\libc.a
END GROUP
LOAD c:/maximsdk/tools/gnutools/10.3/bin/../lib/gcc/arm-none-eabi/10.3.1/thumb/v7e-m+fp/softfp/crtend.o
LOAD c:/maximsdk/tools/gnutools/10.3/bin/../lib/gcc/arm-none-eabi/10.3.1/thumb/v7e-m+fp/softfp/crtn.o

.rom
 *(.rom_vector)
 *(.rom_handlers*)

.text           0x10000000     0x8fa4
                0x10000000                _text = .
 *(.isr_vector)
 .isr_vector    0x10000000      0x1e0 C:/MaximSDK/Examples/MAX78000/WUT/build/startup_max78000.o
                0x10000000                __isr_vector
 *(.text*)
 .text          0x100001e0       0x40 c:/maximsdk/tools/gnutools/10.3/bin/../lib/gcc/arm-none-eabi/10.3.1/thumb/v7e-m+fp/softfp/crtbegin.o
 .text.buttonHandler
                0x10000220        0xc C:/MaximSDK/Examples/MAX78000/WUT/build/main.o
                0x10000220                buttonHandler
 .text.WUT_IRQHandler
                0x1000022c        0x4 C:/MaximSDK/Examples/MAX78000/WUT/build/main.o
                0x1000022c                WUT_IRQHandler
 .text.startup.main
                0x10000230       0xb4 C:/MaximSDK/Examples/MAX78000/WUT/build/main.o
                0x10000230                main
 .text.mxc_assert
                0x100002e4       0x10 C:/MaximSDK/Examples/MAX78000/WUT/build/board.o
                0x100002e4                mxc_assert
 .text.Board_Init
                0x100002f4       0x6c C:/MaximSDK/Examples/MAX78000/WUT/build/board.o
                0x100002f4                Board_Init
 .text.NMI_Handler
                0x10000360        0x4 C:/MaximSDK/Examples/MAX78000/WUT/build/board.o
                0x10000360                NMI_Handler
 .text._close   0x10000364        0x8 C:/MaximSDK/Examples/MAX78000/WUT/build/stdio.o
                0x10000364                _close
 .text._isatty  0x1000036c        0x8 C:/MaximSDK/Examples/MAX78000/WUT/build/stdio.o
                0x1000036c                _isatty
 .text._lseek   0x10000374        0x8 C:/MaximSDK/Examples/MAX78000/WUT/build/stdio.o
                0x10000374                _lseek
 .text._fstat   0x1000037c        0x8 C:/MaximSDK/Examples/MAX78000/WUT/build/stdio.o
                0x1000037c                _fstat
 .text._read    0x10000384       0x50 C:/MaximSDK/Examples/MAX78000/WUT/build/stdio.o
                0x10000384                _read
 .text._write   0x100003d4       0x54 C:/MaximSDK/Examples/MAX78000/WUT/build/stdio.o
                0x100003d4                _write
 .text.LED_Init
                0x10000428       0x40 C:/MaximSDK/Examples/MAX78000/WUT/build/led.o
                0x10000428                LED_Init
 .text.PB_Init  0x10000468       0x38 C:/MaximSDK/Examples/MAX78000/WUT/build/pb.o
                0x10000468                PB_Init
 .text.PB_RegisterCallback
                0x100004a0       0xb4 C:/MaximSDK/Examples/MAX78000/WUT/build/pb.o
                0x100004a0                PB_RegisterCallback
 .text.GPIO0_IRQHandler
                0x10000554        0x8 C:/MaximSDK/Examples/MAX78000/WUT/build/pb.o
                0x10000554                GPIO0_IRQHandler
 .text.GPIO1_IRQHandler
                0x1000055c        0x8 C:/MaximSDK/Examples/MAX78000/WUT/build/pb.o
                0x1000055c                GPIO1_IRQHandler
 .text.GPIO2_IRQHandler
                0x10000564        0x8 C:/MaximSDK/Examples/MAX78000/WUT/build/pb.o
                0x10000564                GPIO2_IRQHandler
 .text          0x1000056c      0x148 C:/MaximSDK/Examples/MAX78000/WUT/build/startup_max78000.o
                0x1000056c                Reset_Handler
                0x100005aa                HardFault_Handler
                0x100005ac                MemManage_Handler
                0x100005ae                BusFault_Handler
                0x100005b0                UsageFault_Handler
                0x100005b2                SVC_Handler
                0x100005b4                DebugMon_Handler
                0x100005b6                PendSV_Handler
                0x100005b8                SysTick_Handler
                0x100005ba                Default_Handler
                0x100005bc                PF_IRQHandler
                0x100005be                WDT0_IRQHandler
                0x100005c0                RSV02_IRQHandler
                0x100005c2                RTC_IRQHandler
                0x100005c4                TRNG_IRQHandler
                0x100005c6                TMR0_IRQHandler
                0x100005c8                TMR1_IRQHandler
                0x100005ca                TMR2_IRQHandler
                0x100005cc                TMR3_IRQHandler
                0x100005ce                TMR4_IRQHandler
                0x100005d0                TMR5_IRQHandler
                0x100005d2                RSV11_IRQHandler
                0x100005d4                RSV12_IRQHandler
                0x100005d6                I2C0_IRQHandler
                0x100005d8                UART0_IRQHandler
                0x100005da                UART1_IRQHandler
                0x100005dc                SPI1_IRQHandler
                0x100005de                RSV17_IRQHandler
                0x100005e0                RSV18_IRQHandler
                0x100005e2                RSV19_IRQHandler
                0x100005e4                ADC_IRQHandler
                0x100005e6                RSV21_IRQHandler
                0x100005e8                RSV22_IRQHandler
                0x100005ea                FLC0_IRQHandler
                0x100005f2                RSV27_IRQHandler
                0x100005f4                DMA0_IRQHandler
                0x100005f6                DMA1_IRQHandler
                0x100005f8                DMA2_IRQHandler
                0x100005fa                DMA3_IRQHandler
                0x100005fc                RSV32_IRQHandler
                0x100005fe                RSV33_IRQHandler
                0x10000600                UART2_IRQHandler
                0x10000602                RSV35_IRQHandler
                0x10000604                I2C1_IRQHandler
                0x10000606                RSV37_IRQHandler
                0x10000608                RSV38_IRQHandler
                0x1000060a                RSV39_IRQHandler
                0x1000060c                RSV40_IRQHandler
                0x1000060e                RSV41_IRQHandler
                0x10000610                RSV42_IRQHandler
                0x10000612                RSV43_IRQHandler
                0x10000614                RSV44_IRQHandler
                0x10000616                RSV45_IRQHandler
                0x10000618                RSV46_IRQHandler
                0x1000061a                RSV47_IRQHandler
                0x1000061c                RSV48_IRQHandler
                0x1000061e                RSV49_IRQHandler
                0x10000620                RSV50_IRQHandler
                0x10000622                RSV51_IRQHandler
                0x10000624                RSV52_IRQHandler
                0x10000628                GPIOWAKE_IRQHandler
                0x1000062a                RSV55_IRQHandler
                0x1000062c                SPI0_IRQHandler
                0x1000062e                WDT1_IRQHandler
                0x10000630                RSV58_IRQHandler
                0x10000632                PT_IRQHandler
                0x10000634                RSV60_IRQHandler
                0x10000636                RSV61_IRQHandler
                0x10000638                I2C2_IRQHandler
                0x1000063a                RISCV_IRQHandler
                0x1000063c                RSV64_IRQHandler
                0x1000063e                RSV65_IRQHandler
                0x10000640                RSV66_IRQHandler
                0x10000642                OWM_IRQHandler
                0x10000644                RSV68_IRQHandler
                0x10000646                RSV69_IRQHandler
                0x10000648                RSV70_IRQHandler
                0x1000064a                RSV71_IRQHandler
                0x1000064c                RSV72_IRQHandler
                0x1000064e                RSV73_IRQHandler
                0x10000650                RSV74_IRQHandler
                0x10000652                RSV75_IRQHandler
                0x10000654                RSV76_IRQHandler
                0x10000656                RSV77_IRQHandler
                0x10000658                RSV78_IRQHandler
                0x1000065a                RSV79_IRQHandler
                0x1000065c                RSV80_IRQHandler
                0x1000065e                RSV81_IRQHandler
                0x10000660                ECC_IRQHandler
                0x10000662                DVS_IRQHandler
                0x10000664                SIMO_IRQHandler
                0x10000666                RSV85_IRQHandler
                0x10000668                RSV86_IRQHandler
                0x1000066a                RSV87_IRQHandler
                0x1000066c                UART3_IRQHandler
                0x1000066e                RSV89_IRQHandler
                0x10000670                RSV90_IRQHandler
                0x10000672                PCIF_IRQHandler
                0x10000674                RSV92_IRQHandler
                0x10000676                RSV93_IRQHandler
                0x10000678                RSV94_IRQHandler
                0x1000067a                RSV95_IRQHandler
                0x1000067c                RSV96_IRQHandler
                0x1000067e                AES_IRQHandler
                0x10000680                RSV98_IRQHandler
                0x10000682                I2S_IRQHandler
                0x10000684                CNN_FIFO_IRQHandler
                0x10000686                CNN_IRQHandler
                0x10000688                RSV102_IRQHandler
                0x1000068a                LPCMP_IRQHandler
 .text._sbrk    0x100006b4       0x3c C:/MaximSDK/Examples/MAX78000/WUT/build/heap.o
                0x100006b4                _sbrk
 .text.SystemCoreClockUpdate
                0x100006f0       0x68 C:/MaximSDK/Examples/MAX78000/WUT/build/system_max78000.o
                0x100006f0                SystemCoreClockUpdate
 .text.PreInit  0x10000758        0x4 C:/MaximSDK/Examples/MAX78000/WUT/build/system_max78000.o
                0x10000758                PreInit
 .text.SystemInit
                0x1000075c       0x38 C:/MaximSDK/Examples/MAX78000/WUT/build/system_max78000.o
                0x1000075c                SystemInit
 .text.MXC_DelayInit
                0x10000794       0x7c C:/MaximSDK/Libraries/PeriphDrivers/bin/MAX78000/softfp/libPeriphDriver_softfp.a(mxc_delay.o)
 .text.MXC_DelayAsync
                0x10000810       0x3c C:/MaximSDK/Libraries/PeriphDrivers/bin/MAX78000/softfp/libPeriphDriver_softfp.a(mxc_delay.o)
                0x10000810                MXC_DelayAsync
 .text.MXC_DelayCheck
                0x1000084c       0x70 C:/MaximSDK/Libraries/PeriphDrivers/bin/MAX78000/softfp/libPeriphDriver_softfp.a(mxc_delay.o)
                0x1000084c                MXC_DelayCheck
 .text.MXC_DelayAbort
                0x100008bc       0x34 C:/MaximSDK/Libraries/PeriphDrivers/bin/MAX78000/softfp/libPeriphDriver_softfp.a(mxc_delay.o)
                0x100008bc                MXC_DelayAbort
 .text.MXC_Delay
                0x100008f0       0x74 C:/MaximSDK/Libraries/PeriphDrivers/bin/MAX78000/softfp/libPeriphDriver_softfp.a(mxc_delay.o)
                0x100008f0                MXC_Delay
 .text.MXC_SYS_ClockDisable
                0x10000964       0x44 C:/MaximSDK/Libraries/PeriphDrivers/bin/MAX78000/softfp/libPeriphDriver_softfp.a(sys_ai85.o)
                0x10000964                MXC_SYS_ClockDisable
 .text.MXC_SYS_ClockEnable
                0x100009a8       0x4c C:/MaximSDK/Libraries/PeriphDrivers/bin/MAX78000/softfp/libPeriphDriver_softfp.a(sys_ai85.o)
                0x100009a8                MXC_SYS_ClockEnable
 .text.MXC_SYS_ClockSourceEnable
                0x100009f4       0xec C:/MaximSDK/Libraries/PeriphDrivers/bin/MAX78000/softfp/libPeriphDriver_softfp.a(sys_ai85.o)
                0x100009f4                MXC_SYS_ClockSourceEnable
 .text.MXC_SYS_Reset_Periph
                0x10000ae0       0x50 C:/MaximSDK/Libraries/PeriphDrivers/bin/MAX78000/softfp/libPeriphDriver_softfp.a(sys_ai85.o)
                0x10000ae0                MXC_SYS_Reset_Periph
 .text.MXC_LP_EnterSleepMode
                0x10000b30       0x28 C:/MaximSDK/Libraries/PeriphDrivers/bin/MAX78000/softfp/libPeriphDriver_softfp.a(lp_ai85.o)
                0x10000b30                MXC_LP_EnterSleepMode
 .text.MXC_LP_EnableWUTAlarmWakeup
                0x10000b58       0x10 C:/MaximSDK/Libraries/PeriphDrivers/bin/MAX78000/softfp/libPeriphDriver_softfp.a(lp_ai85.o)
                0x10000b58                MXC_LP_EnableWUTAlarmWakeup
 .text.MXC_GPIO_Config
                0x10000b68      0x204 C:/MaximSDK/Libraries/PeriphDrivers/bin/MAX78000/softfp/libPeriphDriver_softfp.a(gpio_ai85.o)
                0x10000b68                MXC_GPIO_Config
 .text.MXC_GPIO_OutSet
                0x10000d6c       0x34 C:/MaximSDK/Libraries/PeriphDrivers/bin/MAX78000/softfp/libPeriphDriver_softfp.a(gpio_ai85.o)
                0x10000d6c                MXC_GPIO_OutSet
 .text.MXC_GPIO_IntConfig
                0x10000da0        0x4 C:/MaximSDK/Libraries/PeriphDrivers/bin/MAX78000/softfp/libPeriphDriver_softfp.a(gpio_ai85.o)
                0x10000da0                MXC_GPIO_IntConfig
 .text.MXC_GPIO_EnableInt
                0x10000da4        0x4 C:/MaximSDK/Libraries/PeriphDrivers/bin/MAX78000/softfp/libPeriphDriver_softfp.a(gpio_ai85.o)
                0x10000da4                MXC_GPIO_EnableInt
 .text.MXC_GPIO_DisableInt
                0x10000da8        0x4 C:/MaximSDK/Libraries/PeriphDrivers/bin/MAX78000/softfp/libPeriphDriver_softfp.a(gpio_ai85.o)
                0x10000da8                MXC_GPIO_DisableInt
 .text.MXC_GPIO_RegisterCallback
                0x10000dac        0x4 C:/MaximSDK/Libraries/PeriphDrivers/bin/MAX78000/softfp/libPeriphDriver_softfp.a(gpio_ai85.o)
                0x10000dac                MXC_GPIO_RegisterCallback
 .text.MXC_GPIO_Handler
                0x10000db0        0x4 C:/MaximSDK/Libraries/PeriphDrivers/bin/MAX78000/softfp/libPeriphDriver_softfp.a(gpio_ai85.o)
                0x10000db0                MXC_GPIO_Handler
 .text.MXC_GPIO_ClearFlags
                0x10000db4        0x4 C:/MaximSDK/Libraries/PeriphDrivers/bin/MAX78000/softfp/libPeriphDriver_softfp.a(gpio_ai85.o)
                0x10000db4                MXC_GPIO_ClearFlags
 .text.MXC_GPIO_GetFlags
                0x10000db8        0x4 C:/MaximSDK/Libraries/PeriphDrivers/bin/MAX78000/softfp/libPeriphDriver_softfp.a(gpio_ai85.o)
                0x10000db8                MXC_GPIO_GetFlags
 .text.MXC_GPIO_RevA_OutSet
                0x10000dbc        0x4 C:/MaximSDK/Libraries/PeriphDrivers/bin/MAX78000/softfp/libPeriphDriver_softfp.a(gpio_reva.o)
                0x10000dbc                MXC_GPIO_RevA_OutSet
 .text.MXC_GPIO_RevA_IntConfig
                0x10000dc0       0x78 C:/MaximSDK/Libraries/PeriphDrivers/bin/MAX78000/softfp/libPeriphDriver_softfp.a(gpio_reva.o)
                0x10000dc0                MXC_GPIO_RevA_IntConfig
 .text.MXC_GPIO_RevA_EnableInt
                0x10000e38        0x4 C:/MaximSDK/Libraries/PeriphDrivers/bin/MAX78000/softfp/libPeriphDriver_softfp.a(gpio_reva.o)
                0x10000e38                MXC_GPIO_RevA_EnableInt
 .text.MXC_GPIO_RevA_DisableInt
                0x10000e3c        0x4 C:/MaximSDK/Libraries/PeriphDrivers/bin/MAX78000/softfp/libPeriphDriver_softfp.a(gpio_reva.o)
                0x10000e3c                MXC_GPIO_RevA_DisableInt
 .text.MXC_GPIO_RevA_ClearFlags
                0x10000e40        0x4 C:/MaximSDK/Libraries/PeriphDrivers/bin/MAX78000/softfp/libPeriphDriver_softfp.a(gpio_reva.o)
                0x10000e40                MXC_GPIO_RevA_ClearFlags
 .text.MXC_GPIO_RevA_GetFlags
                0x10000e44        0x4 C:/MaximSDK/Libraries/PeriphDrivers/bin/MAX78000/softfp/libPeriphDriver_softfp.a(gpio_reva.o)
                0x10000e44                MXC_GPIO_RevA_GetFlags
 .text.MXC_GPIO_RevA_SetVSSEL
                0x10000e48       0x30 C:/MaximSDK/Libraries/PeriphDrivers/bin/MAX78000/softfp/libPeriphDriver_softfp.a(gpio_reva.o)
                0x10000e48                MXC_GPIO_RevA_SetVSSEL
 .text.MXC_GPIO_RevA_SetAF
                0x10000e78       0x68 C:/MaximSDK/Libraries/PeriphDrivers/bin/MAX78000/softfp/libPeriphDriver_softfp.a(gpio_reva.o)
                0x10000e78                MXC_GPIO_RevA_SetAF
 .text.MXC_ICC_Enable
                0x10000ee0        0x4 C:/MaximSDK/Libraries/PeriphDrivers/bin/MAX78000/softfp/libPeriphDriver_softfp.a(icc_me17.o)
                0x10000ee0                MXC_ICC_Enable
 .text.MXC_ICC_RevA_Enable
                0x10000ee4       0x30 C:/MaximSDK/Libraries/PeriphDrivers/bin/MAX78000/softfp/libPeriphDriver_softfp.a(icc_reva.o)
                0x10000ee4                MXC_ICC_RevA_Enable
 .text.MXC_UART_Shutdown
                0x10000f14       0x70 C:/MaximSDK/Libraries/PeriphDrivers/bin/MAX78000/softfp/libPeriphDriver_softfp.a(uart_ai85.o)
                0x10000f14                MXC_UART_Shutdown
 .text.MXC_UART_Init
                0x10000f84       0xb8 C:/MaximSDK/Libraries/PeriphDrivers/bin/MAX78000/softfp/libPeriphDriver_softfp.a(uart_ai85.o)
                0x10000f84                MXC_UART_Init
 .text.MXC_UART_ReadyForSleep
                0x1000103c        0x4 C:/MaximSDK/Libraries/PeriphDrivers/bin/MAX78000/softfp/libPeriphDriver_softfp.a(uart_ai85.o)
                0x1000103c                MXC_UART_ReadyForSleep
 .text.MXC_UART_SetFrequency
                0x10001040       0xcc C:/MaximSDK/Libraries/PeriphDrivers/bin/MAX78000/softfp/libPeriphDriver_softfp.a(uart_ai85.o)
                0x10001040                MXC_UART_SetFrequency
 .text.MXC_UART_GetFrequency
                0x1000110c       0x54 C:/MaximSDK/Libraries/PeriphDrivers/bin/MAX78000/softfp/libPeriphDriver_softfp.a(uart_ai85.o)
                0x1000110c                MXC_UART_GetFrequency
 .text.MXC_UART_SetDataSize
                0x10001160        0x4 C:/MaximSDK/Libraries/PeriphDrivers/bin/MAX78000/softfp/libPeriphDriver_softfp.a(uart_ai85.o)
                0x10001160                MXC_UART_SetDataSize
 .text.MXC_UART_SetStopBits
                0x10001164        0x4 C:/MaximSDK/Libraries/PeriphDrivers/bin/MAX78000/softfp/libPeriphDriver_softfp.a(uart_ai85.o)
                0x10001164                MXC_UART_SetStopBits
 .text.MXC_UART_SetParity
                0x10001168        0x4 C:/MaximSDK/Libraries/PeriphDrivers/bin/MAX78000/softfp/libPeriphDriver_softfp.a(uart_ai85.o)
                0x10001168                MXC_UART_SetParity
 .text.MXC_UART_GetActive
                0x1000116c        0x4 C:/MaximSDK/Libraries/PeriphDrivers/bin/MAX78000/softfp/libPeriphDriver_softfp.a(uart_ai85.o)
                0x1000116c                MXC_UART_GetActive
 .text.MXC_UART_ReadCharacterRaw
                0x10001170        0x4 C:/MaximSDK/Libraries/PeriphDrivers/bin/MAX78000/softfp/libPeriphDriver_softfp.a(uart_ai85.o)
                0x10001170                MXC_UART_ReadCharacterRaw
 .text.MXC_UART_WriteCharacterRaw
                0x10001174        0x4 C:/MaximSDK/Libraries/PeriphDrivers/bin/MAX78000/softfp/libPeriphDriver_softfp.a(uart_ai85.o)
                0x10001174                MXC_UART_WriteCharacterRaw
 .text.MXC_UART_ReadCharacter
                0x10001178        0x4 C:/MaximSDK/Libraries/PeriphDrivers/bin/MAX78000/softfp/libPeriphDriver_softfp.a(uart_ai85.o)
                0x10001178                MXC_UART_ReadCharacter
 .text.MXC_UART_WriteCharacter
                0x1000117c        0x4 C:/MaximSDK/Libraries/PeriphDrivers/bin/MAX78000/softfp/libPeriphDriver_softfp.a(uart_ai85.o)
                0x1000117c                MXC_UART_WriteCharacter
 .text.MXC_UART_GetRXFIFOAvailable
                0x10001180        0x4 C:/MaximSDK/Libraries/PeriphDrivers/bin/MAX78000/softfp/libPeriphDriver_softfp.a(uart_ai85.o)
                0x10001180                MXC_UART_GetRXFIFOAvailable
 .text.MXC_UART_GetTXFIFOAvailable
                0x10001184        0x4 C:/MaximSDK/Libraries/PeriphDrivers/bin/MAX78000/softfp/libPeriphDriver_softfp.a(uart_ai85.o)
                0x10001184                MXC_UART_GetTXFIFOAvailable
 .text.MXC_UART_SetRXThreshold
                0x10001188        0x4 C:/MaximSDK/Libraries/PeriphDrivers/bin/MAX78000/softfp/libPeriphDriver_softfp.a(uart_ai85.o)
                0x10001188                MXC_UART_SetRXThreshold
 .text.MXC_UART_Common_ReadCharacter
                0x1000118c       0x18 C:/MaximSDK/Libraries/PeriphDrivers/bin/MAX78000/softfp/libPeriphDriver_softfp.a(uart_common.o)
                0x1000118c                MXC_UART_Common_ReadCharacter
 .text.MXC_UART_Common_WriteCharacter
                0x100011a4       0x1c C:/MaximSDK/Libraries/PeriphDrivers/bin/MAX78000/softfp/libPeriphDriver_softfp.a(uart_common.o)
                0x100011a4                MXC_UART_Common_WriteCharacter
 .text.MXC_UART_RevB_Init
                0x100011c0       0x70 C:/MaximSDK/Libraries/PeriphDrivers/bin/MAX78000/softfp/libPeriphDriver_softfp.a(uart_revb.o)
                0x100011c0                MXC_UART_RevB_Init
 .text.MXC_UART_RevB_ReadyForSleep
                0x10001230       0x58 C:/MaximSDK/Libraries/PeriphDrivers/bin/MAX78000/softfp/libPeriphDriver_softfp.a(uart_revb.o)
                0x10001230                MXC_UART_RevB_ReadyForSleep
 .text.MXC_UART_RevB_SetFrequency
                0x10001288       0x9c C:/MaximSDK/Libraries/PeriphDrivers/bin/MAX78000/softfp/libPeriphDriver_softfp.a(uart_revb.o)
                0x10001288                MXC_UART_RevB_SetFrequency
 .text.MXC_UART_RevB_GetFrequency
                0x10001324       0x7c C:/MaximSDK/Libraries/PeriphDrivers/bin/MAX78000/softfp/libPeriphDriver_softfp.a(uart_revb.o)
                0x10001324                MXC_UART_RevB_GetFrequency
 .text.MXC_UART_RevB_SetDataSize
                0x100013a0       0x40 C:/MaximSDK/Libraries/PeriphDrivers/bin/MAX78000/softfp/libPeriphDriver_softfp.a(uart_revb.o)
                0x100013a0                MXC_UART_RevB_SetDataSize
 .text.MXC_UART_RevB_SetStopBits
                0x100013e0       0x4c C:/MaximSDK/Libraries/PeriphDrivers/bin/MAX78000/softfp/libPeriphDriver_softfp.a(uart_revb.o)
                0x100013e0                MXC_UART_RevB_SetStopBits
 .text.MXC_UART_RevB_SetParity
                0x1000142c       0xb4 C:/MaximSDK/Libraries/PeriphDrivers/bin/MAX78000/softfp/libPeriphDriver_softfp.a(uart_revb.o)
                0x1000142c                MXC_UART_RevB_SetParity
 .text.MXC_UART_RevB_GetActive
                0x100014e0       0x38 C:/MaximSDK/Libraries/PeriphDrivers/bin/MAX78000/softfp/libPeriphDriver_softfp.a(uart_revb.o)
                0x100014e0                MXC_UART_RevB_GetActive
 .text.MXC_UART_RevB_ReadCharacterRaw
                0x10001518       0x38 C:/MaximSDK/Libraries/PeriphDrivers/bin/MAX78000/softfp/libPeriphDriver_softfp.a(uart_revb.o)
                0x10001518                MXC_UART_RevB_ReadCharacterRaw
 .text.MXC_UART_RevB_WriteCharacterRaw
                0x10001550       0x3c C:/MaximSDK/Libraries/PeriphDrivers/bin/MAX78000/softfp/libPeriphDriver_softfp.a(uart_revb.o)
                0x10001550                MXC_UART_RevB_WriteCharacterRaw
 .text.MXC_UART_RevB_GetRXFIFOAvailable
                0x1000158c        0x8 C:/MaximSDK/Libraries/PeriphDrivers/bin/MAX78000/softfp/libPeriphDriver_softfp.a(uart_revb.o)
                0x1000158c                MXC_UART_RevB_GetRXFIFOAvailable
 .text.MXC_UART_RevB_GetTXFIFOAvailable
                0x10001594        0xc C:/MaximSDK/Libraries/PeriphDrivers/bin/MAX78000/softfp/libPeriphDriver_softfp.a(uart_revb.o)
                0x10001594                MXC_UART_RevB_GetTXFIFOAvailable
 .text.MXC_UART_RevB_SetRXThreshold
                0x100015a0       0x40 C:/MaximSDK/Libraries/PeriphDrivers/bin/MAX78000/softfp/libPeriphDriver_softfp.a(uart_revb.o)
                0x100015a0                MXC_UART_RevB_SetRXThreshold
 .text.MXC_WUT_Init
                0x100015e0       0x20 C:/MaximSDK/Libraries/PeriphDrivers/bin/MAX78000/softfp/libPeriphDriver_softfp.a(wut_me17.o)
                0x100015e0                MXC_WUT_Init
 .text.MXC_WUT_Enable
                0x10001600        0xc C:/MaximSDK/Libraries/PeriphDrivers/bin/MAX78000/softfp/libPeriphDriver_softfp.a(wut_me17.o)
                0x10001600                MXC_WUT_Enable
 .text.MXC_WUT_Config
                0x1000160c        0xc C:/MaximSDK/Libraries/PeriphDrivers/bin/MAX78000/softfp/libPeriphDriver_softfp.a(wut_me17.o)
                0x1000160c                MXC_WUT_Config
 .text.MXC_WUT_IntClear
                0x10001618        0xc C:/MaximSDK/Libraries/PeriphDrivers/bin/MAX78000/softfp/libPeriphDriver_softfp.a(wut_me17.o)
                0x10001618                MXC_WUT_IntClear
 .text.MXC_WUT_GetTicks
                0x10001624       0x20 C:/MaximSDK/Libraries/PeriphDrivers/bin/MAX78000/softfp/libPeriphDriver_softfp.a(wut_me17.o)
                0x10001624                MXC_WUT_GetTicks
 .text.MXC_WUT_RevA_Init
                0x10001644       0x2c C:/MaximSDK/Libraries/PeriphDrivers/bin/MAX78000/softfp/libPeriphDriver_softfp.a(wut_reva.o)
                0x10001644                MXC_WUT_RevA_Init
 .text.MXC_WUT_RevA_Enable
                0x10001670        0xc C:/MaximSDK/Libraries/PeriphDrivers/bin/MAX78000/softfp/libPeriphDriver_softfp.a(wut_reva.o)
                0x10001670                MXC_WUT_RevA_Enable
 .text.MXC_WUT_RevA_Config
                0x1000167c       0x24 C:/MaximSDK/Libraries/PeriphDrivers/bin/MAX78000/softfp/libPeriphDriver_softfp.a(wut_reva.o)
                0x1000167c                MXC_WUT_RevA_Config
 .text.MXC_WUT_RevA_IntClear
                0x100016a0        0x8 C:/MaximSDK/Libraries/PeriphDrivers/bin/MAX78000/softfp/libPeriphDriver_softfp.a(wut_reva.o)
                0x100016a0                MXC_WUT_RevA_IntClear
 .text.MXC_WUT_RevA_GetTicks
                0x100016a8       0x64 C:/MaximSDK/Libraries/PeriphDrivers/bin/MAX78000/softfp/libPeriphDriver_softfp.a(wut_reva.o)
                0x100016a8                MXC_WUT_RevA_GetTicks
 .text.MXC_GPIO_Common_Init
                0x1000170c       0x24 C:/MaximSDK/Libraries/PeriphDrivers/bin/MAX78000/softfp/libPeriphDriver_softfp.a(gpio_common.o)
                0x1000170c                MXC_GPIO_Common_Init
 .text.MXC_GPIO_Common_RegisterCallback
                0x10001730       0x78 C:/MaximSDK/Libraries/PeriphDrivers/bin/MAX78000/softfp/libPeriphDriver_softfp.a(gpio_common.o)
                0x10001730                MXC_GPIO_Common_RegisterCallback
 .text.MXC_GPIO_Common_Handler
                0x100017a8       0x88 C:/MaximSDK/Libraries/PeriphDrivers/bin/MAX78000/softfp/libPeriphDriver_softfp.a(gpio_common.o)
                0x100017a8                MXC_GPIO_Common_Handler
 .text.__errno  0x10001830        0xc c:/maximsdk/tools/gnutools/10.3/bin/../lib/gcc/arm-none-eabi/10.3.1/../../../../arm-none-eabi/lib/thumb/v7e-m+fp/softfp\libc.a(lib_a-errno.o)
                0x10001830                __errno
 .text.__libc_init_array
                0x1000183c       0x48 c:/maximsdk/tools/gnutools/10.3/bin/../lib/gcc/arm-none-eabi/10.3.1/../../../../arm-none-eabi/lib/thumb/v7e-m+fp/softfp\libc.a(lib_a-init.o)
                0x1000183c                __libc_init_array
 .text._malloc_r
                0x10001884      0x560 c:/maximsdk/tools/gnutools/10.3/bin/../lib/gcc/arm-none-eabi/10.3.1/../../../../arm-none-eabi/lib/thumb/v7e-m+fp/softfp\libc.a(lib_a-mallocr.o)
                0x10001884                _malloc_r
 .text          0x10001de4      0x134 c:/maximsdk/tools/gnutools/10.3/bin/../lib/gcc/arm-none-eabi/10.3.1/../../../../arm-none-eabi/lib/thumb/v7e-m+fp/softfp\libc.a(lib_a-memcpy.o)
                0x10001de4                memcpy
 .text.memset   0x10001f18       0xa4 c:/maximsdk/tools/gnutools/10.3/bin/../lib/gcc/arm-none-eabi/10.3.1/../../../../arm-none-eabi/lib/thumb/v7e-m+fp/softfp\libc.a(lib_a-memset.o)
                0x10001f18                memset
 .text.__malloc_lock
                0x10001fbc        0xc c:/maximsdk/tools/gnutools/10.3/bin/../lib/gcc/arm-none-eabi/10.3.1/../../../../arm-none-eabi/lib/thumb/v7e-m+fp/softfp\libc.a(lib_a-mlock.o)
                0x10001fbc                __malloc_lock
 .text.__malloc_unlock
                0x10001fc8        0xc c:/maximsdk/tools/gnutools/10.3/bin/../lib/gcc/arm-none-eabi/10.3.1/../../../../arm-none-eabi/lib/thumb/v7e-m+fp/softfp\libc.a(lib_a-mlock.o)
                0x10001fc8                __malloc_unlock
 .text.printf   0x10001fd4       0x28 c:/maximsdk/tools/gnutools/10.3/bin/../lib/gcc/arm-none-eabi/10.3.1/../../../../arm-none-eabi/lib/thumb/v7e-m+fp/softfp\libc.a(lib_a-printf.o)
                0x10001fd4                printf
 .text._puts_r  0x10001ffc       0x9c c:/maximsdk/tools/gnutools/10.3/bin/../lib/gcc/arm-none-eabi/10.3.1/../../../../arm-none-eabi/lib/thumb/v7e-m+fp/softfp\libc.a(lib_a-puts.o)
                0x10001ffc                _puts_r
 .text.puts     0x10002098       0x10 c:/maximsdk/tools/gnutools/10.3/bin/../lib/gcc/arm-none-eabi/10.3.1/../../../../arm-none-eabi/lib/thumb/v7e-m+fp/softfp\libc.a(lib_a-puts.o)
                0x10002098                puts
 .text._sbrk_r  0x100020a8       0x24 c:/maximsdk/tools/gnutools/10.3/bin/../lib/gcc/arm-none-eabi/10.3.1/../../../../arm-none-eabi/lib/thumb/v7e-m+fp/softfp\libc.a(lib_a-sbrkr.o)
                0x100020a8                _sbrk_r
 *fill*         0x100020cc       0x34 
 .text          0x10002100       0xdc c:/maximsdk/tools/gnutools/10.3/bin/../lib/gcc/arm-none-eabi/10.3.1/../../../../arm-none-eabi/lib/thumb/v7e-m+fp/softfp\libc.a(lib_a-strlen.o)
                0x10002100                strlen
 *fill*         0x100021dc        0x4 
 .text._vfprintf_r
                0x100021e0     0x1b8c c:/maximsdk/tools/gnutools/10.3/bin/../lib/gcc/arm-none-eabi/10.3.1/../../../../arm-none-eabi/lib/thumb/v7e-m+fp/softfp\libc.a(lib_a-vfprintf.o)
                0x100021e0                _vfprintf_r
 .text.__sbprintf
                0x10003d6c       0x80 c:/maximsdk/tools/gnutools/10.3/bin/../lib/gcc/arm-none-eabi/10.3.1/../../../../arm-none-eabi/lib/thumb/v7e-m+fp/softfp\libc.a(lib_a-vfprintf.o)
 .text.__swsetup_r
                0x10003dec       0xd4 c:/maximsdk/tools/gnutools/10.3/bin/../lib/gcc/arm-none-eabi/10.3.1/../../../../arm-none-eabi/lib/thumb/v7e-m+fp/softfp\libc.a(lib_a-wsetup.o)
                0x10003dec                __swsetup_r
 .text.startup.register_fini
                0x10003ec0       0x14 c:/maximsdk/tools/gnutools/10.3/bin/../lib/gcc/arm-none-eabi/10.3.1/../../../../arm-none-eabi/lib/thumb/v7e-m+fp/softfp\libc.a(lib_a-__call_atexit.o)
 .text.atexit   0x10003ed4        0xc c:/maximsdk/tools/gnutools/10.3/bin/../lib/gcc/arm-none-eabi/10.3.1/../../../../arm-none-eabi/lib/thumb/v7e-m+fp/softfp\libc.a(lib_a-atexit.o)
                0x10003ed4                atexit
 .text.quorem   0x10003ee0      0x128 c:/maximsdk/tools/gnutools/10.3/bin/../lib/gcc/arm-none-eabi/10.3.1/../../../../arm-none-eabi/lib/thumb/v7e-m+fp/softfp\libc.a(lib_a-dtoa.o)
 .text._dtoa_r  0x10004008      0xf34 c:/maximsdk/tools/gnutools/10.3/bin/../lib/gcc/arm-none-eabi/10.3.1/../../../../arm-none-eabi/lib/thumb/v7e-m+fp/softfp\libc.a(lib_a-dtoa.o)
                0x10004008                _dtoa_r
 .text.__sflush_r
                0x10004f3c      0x130 c:/maximsdk/tools/gnutools/10.3/bin/../lib/gcc/arm-none-eabi/10.3.1/../../../../arm-none-eabi/lib/thumb/v7e-m+fp/softfp\libc.a(lib_a-fflush.o)
                0x10004f3c                __sflush_r
 .text._fflush_r
                0x1000506c       0x5c c:/maximsdk/tools/gnutools/10.3/bin/../lib/gcc/arm-none-eabi/10.3.1/../../../../arm-none-eabi/lib/thumb/v7e-m+fp/softfp\libc.a(lib_a-fflush.o)
                0x1000506c                _fflush_r
 .text._cleanup_r
                0x100050c8        0xc c:/maximsdk/tools/gnutools/10.3/bin/../lib/gcc/arm-none-eabi/10.3.1/../../../../arm-none-eabi/lib/thumb/v7e-m+fp/softfp\libc.a(lib_a-findfp.o)
                0x100050c8                _cleanup_r
 .text.__sinit  0x100050d4      0x10c c:/maximsdk/tools/gnutools/10.3/bin/../lib/gcc/arm-none-eabi/10.3.1/../../../../arm-none-eabi/lib/thumb/v7e-m+fp/softfp\libc.a(lib_a-findfp.o)
                0x100050d4                __sinit
 .text.__sfp_lock_acquire
                0x100051e0        0xc c:/maximsdk/tools/gnutools/10.3/bin/../lib/gcc/arm-none-eabi/10.3.1/../../../../arm-none-eabi/lib/thumb/v7e-m+fp/softfp\libc.a(lib_a-findfp.o)
                0x100051e0                __sfp_lock_acquire
 .text.__sfp_lock_release
                0x100051ec        0xc c:/maximsdk/tools/gnutools/10.3/bin/../lib/gcc/arm-none-eabi/10.3.1/../../../../arm-none-eabi/lib/thumb/v7e-m+fp/softfp\libc.a(lib_a-findfp.o)
                0x100051ec                __sfp_lock_release
 .text.__libc_fini_array
                0x100051f8       0x2c c:/maximsdk/tools/gnutools/10.3/bin/../lib/gcc/arm-none-eabi/10.3.1/../../../../arm-none-eabi/lib/thumb/v7e-m+fp/softfp\libc.a(lib_a-fini.o)
                0x100051f8                __libc_fini_array
 .text._malloc_trim_r
                0x10005224       0xa0 c:/maximsdk/tools/gnutools/10.3/bin/../lib/gcc/arm-none-eabi/10.3.1/../../../../arm-none-eabi/lib/thumb/v7e-m+fp/softfp\libc.a(lib_a-freer.o)
                0x10005224                _malloc_trim_r
 .text._free_r  0x100052c4      0x20c c:/maximsdk/tools/gnutools/10.3/bin/../lib/gcc/arm-none-eabi/10.3.1/../../../../arm-none-eabi/lib/thumb/v7e-m+fp/softfp\libc.a(lib_a-freer.o)
                0x100052c4                _free_r
 .text.__sfvwrite_r
                0x100054d0      0x2f0 c:/maximsdk/tools/gnutools/10.3/bin/../lib/gcc/arm-none-eabi/10.3.1/../../../../arm-none-eabi/lib/thumb/v7e-m+fp/softfp\libc.a(lib_a-fvwrite.o)
                0x100054d0                __sfvwrite_r
 .text._fwalk_reent
                0x100057c0       0x48 c:/maximsdk/tools/gnutools/10.3/bin/../lib/gcc/arm-none-eabi/10.3.1/../../../../arm-none-eabi/lib/thumb/v7e-m+fp/softfp\libc.a(lib_a-fwalk.o)
                0x100057c0                _fwalk_reent
 .text._localeconv_r
                0x10005808        0x8 c:/maximsdk/tools/gnutools/10.3/bin/../lib/gcc/arm-none-eabi/10.3.1/../../../../arm-none-eabi/lib/thumb/v7e-m+fp/softfp\libc.a(lib_a-localeconv.o)
                0x10005808                _localeconv_r
 .text.__retarget_lock_init_recursive
                0x10005810        0x4 c:/maximsdk/tools/gnutools/10.3/bin/../lib/gcc/arm-none-eabi/10.3.1/../../../../arm-none-eabi/lib/thumb/v7e-m+fp/softfp\libc.a(lib_a-lock.o)
                0x10005810                __retarget_lock_init_recursive
 .text.__retarget_lock_close_recursive
                0x10005814        0x4 c:/maximsdk/tools/gnutools/10.3/bin/../lib/gcc/arm-none-eabi/10.3.1/../../../../arm-none-eabi/lib/thumb/v7e-m+fp/softfp\libc.a(lib_a-lock.o)
                0x10005814                __retarget_lock_close_recursive
 .text.__retarget_lock_acquire_recursive
                0x10005818        0x4 c:/maximsdk/tools/gnutools/10.3/bin/../lib/gcc/arm-none-eabi/10.3.1/../../../../arm-none-eabi/lib/thumb/v7e-m+fp/softfp\libc.a(lib_a-lock.o)
                0x10005818                __retarget_lock_acquire_recursive
 .text.__retarget_lock_release_recursive
                0x1000581c        0x4 c:/maximsdk/tools/gnutools/10.3/bin/../lib/gcc/arm-none-eabi/10.3.1/../../../../arm-none-eabi/lib/thumb/v7e-m+fp/softfp\libc.a(lib_a-lock.o)
                0x1000581c                __retarget_lock_release_recursive
 .text.__smakebuf_r
                0x10005820       0xe0 c:/maximsdk/tools/gnutools/10.3/bin/../lib/gcc/arm-none-eabi/10.3.1/../../../../arm-none-eabi/lib/thumb/v7e-m+fp/softfp\libc.a(lib_a-makebuf.o)
                0x10005820                __smakebuf_r
 .text          0x10005900       0xa0 c:/maximsdk/tools/gnutools/10.3/bin/../lib/gcc/arm-none-eabi/10.3.1/../../../../arm-none-eabi/lib/thumb/v7e-m+fp/softfp\libc.a(lib_a-memchr.o)
                0x10005900                memchr
 .text.memmove  0x100059a0       0xf8 c:/maximsdk/tools/gnutools/10.3/bin/../lib/gcc/arm-none-eabi/10.3.1/../../../../arm-none-eabi/lib/thumb/v7e-m+fp/softfp\libc.a(lib_a-memmove.o)
                0x100059a0                memmove
 .text._Balloc  0x10005a98       0x4c c:/maximsdk/tools/gnutools/10.3/bin/../lib/gcc/arm-none-eabi/10.3.1/../../../../arm-none-eabi/lib/thumb/v7e-m+fp/softfp\libc.a(lib_a-mprec.o)
                0x10005a98                _Balloc
 .text._Bfree   0x10005ae4       0x14 c:/maximsdk/tools/gnutools/10.3/bin/../lib/gcc/arm-none-eabi/10.3.1/../../../../arm-none-eabi/lib/thumb/v7e-m+fp/softfp\libc.a(lib_a-mprec.o)
                0x10005ae4                _Bfree
 .text.__multadd
                0x10005af8       0xa8 c:/maximsdk/tools/gnutools/10.3/bin/../lib/gcc/arm-none-eabi/10.3.1/../../../../arm-none-eabi/lib/thumb/v7e-m+fp/softfp\libc.a(lib_a-mprec.o)
                0x10005af8                __multadd
 .text.__hi0bits
                0x10005ba0       0x40 c:/maximsdk/tools/gnutools/10.3/bin/../lib/gcc/arm-none-eabi/10.3.1/../../../../arm-none-eabi/lib/thumb/v7e-m+fp/softfp\libc.a(lib_a-mprec.o)
                0x10005ba0                __hi0bits
 .text.__lo0bits
                0x10005be0       0x60 c:/maximsdk/tools/gnutools/10.3/bin/../lib/gcc/arm-none-eabi/10.3.1/../../../../arm-none-eabi/lib/thumb/v7e-m+fp/softfp\libc.a(lib_a-mprec.o)
                0x10005be0                __lo0bits
 .text.__i2b    0x10005c40       0x5c c:/maximsdk/tools/gnutools/10.3/bin/../lib/gcc/arm-none-eabi/10.3.1/../../../../arm-none-eabi/lib/thumb/v7e-m+fp/softfp\libc.a(lib_a-mprec.o)
                0x10005c40                __i2b
 .text.__multiply
                0x10005c9c      0x15c c:/maximsdk/tools/gnutools/10.3/bin/../lib/gcc/arm-none-eabi/10.3.1/../../../../arm-none-eabi/lib/thumb/v7e-m+fp/softfp\libc.a(lib_a-mprec.o)
                0x10005c9c                __multiply
 .text.__pow5mult
                0x10005df8       0xc0 c:/maximsdk/tools/gnutools/10.3/bin/../lib/gcc/arm-none-eabi/10.3.1/../../../../arm-none-eabi/lib/thumb/v7e-m+fp/softfp\libc.a(lib_a-mprec.o)
                0x10005df8                __pow5mult
 .text.__lshift
                0x10005eb8       0xf0 c:/maximsdk/tools/gnutools/10.3/bin/../lib/gcc/arm-none-eabi/10.3.1/../../../../arm-none-eabi/lib/thumb/v7e-m+fp/softfp\libc.a(lib_a-mprec.o)
                0x10005eb8                __lshift
 .text.__mcmp   0x10005fa8       0x44 c:/maximsdk/tools/gnutools/10.3/bin/../lib/gcc/arm-none-eabi/10.3.1/../../../../arm-none-eabi/lib/thumb/v7e-m+fp/softfp\libc.a(lib_a-mprec.o)
                0x10005fa8                __mcmp
 .text.__mdiff  0x10005fec      0x14c c:/maximsdk/tools/gnutools/10.3/bin/../lib/gcc/arm-none-eabi/10.3.1/../../../../arm-none-eabi/lib/thumb/v7e-m+fp/softfp\libc.a(lib_a-mprec.o)
                0x10005fec                __mdiff
 .text.__d2b    0x10006138       0xc4 c:/maximsdk/tools/gnutools/10.3/bin/../lib/gcc/arm-none-eabi/10.3.1/../../../../arm-none-eabi/lib/thumb/v7e-m+fp/softfp\libc.a(lib_a-mprec.o)
                0x10006138                __d2b
 .text._realloc_r
                0x100061fc      0x3d8 c:/maximsdk/tools/gnutools/10.3/bin/../lib/gcc/arm-none-eabi/10.3.1/../../../../arm-none-eabi/lib/thumb/v7e-m+fp/softfp\libc.a(lib_a-reallocr.o)
                0x100061fc                _realloc_r
 .text.frexp    0x100065d4       0x70 c:/maximsdk/tools/gnutools/10.3/bin/../lib/gcc/arm-none-eabi/10.3.1/../../../../arm-none-eabi/lib/thumb/v7e-m+fp/softfp\libc.a(lib_a-s_frexp.o)
                0x100065d4                frexp
 .text.__sread  0x10006644       0x24 c:/maximsdk/tools/gnutools/10.3/bin/../lib/gcc/arm-none-eabi/10.3.1/../../../../arm-none-eabi/lib/thumb/v7e-m+fp/softfp\libc.a(lib_a-stdio.o)
                0x10006644                __sread
 .text.__swrite
                0x10006668       0x40 c:/maximsdk/tools/gnutools/10.3/bin/../lib/gcc/arm-none-eabi/10.3.1/../../../../arm-none-eabi/lib/thumb/v7e-m+fp/softfp\libc.a(lib_a-stdio.o)
                0x10006668                __swrite
 .text.__sseek  0x100066a8       0x20 c:/maximsdk/tools/gnutools/10.3/bin/../lib/gcc/arm-none-eabi/10.3.1/../../../../arm-none-eabi/lib/thumb/v7e-m+fp/softfp\libc.a(lib_a-stdio.o)
                0x100066a8                __sseek
 .text.__sclose
                0x100066c8        0x8 c:/maximsdk/tools/gnutools/10.3/bin/../lib/gcc/arm-none-eabi/10.3.1/../../../../arm-none-eabi/lib/thumb/v7e-m+fp/softfp\libc.a(lib_a-stdio.o)
                0x100066c8                __sclose
 .text.strncpy  0x100066d0       0x64 c:/maximsdk/tools/gnutools/10.3/bin/../lib/gcc/arm-none-eabi/10.3.1/../../../../arm-none-eabi/lib/thumb/v7e-m+fp/softfp\libc.a(lib_a-strncpy.o)
                0x100066d0                strncpy
 .text.__sprint_r.part.0
                0x10006734       0x78 c:/maximsdk/tools/gnutools/10.3/bin/../lib/gcc/arm-none-eabi/10.3.1/../../../../arm-none-eabi/lib/thumb/v7e-m+fp/softfp\libc.a(lib_a-vfiprintf.o)
 .text.__sprint_r
                0x100067ac       0x18 c:/maximsdk/tools/gnutools/10.3/bin/../lib/gcc/arm-none-eabi/10.3.1/../../../../arm-none-eabi/lib/thumb/v7e-m+fp/softfp\libc.a(lib_a-vfiprintf.o)
                0x100067ac                __sprint_r
 .text._vfiprintf_r
                0x100067c4      0xdfc c:/maximsdk/tools/gnutools/10.3/bin/../lib/gcc/arm-none-eabi/10.3.1/../../../../arm-none-eabi/lib/thumb/v7e-m+fp/softfp\libc.a(lib_a-vfiprintf.o)
                0x100067c4                _vfiprintf_r
 .text.__sbprintf
                0x100075c0       0x80 c:/maximsdk/tools/gnutools/10.3/bin/../lib/gcc/arm-none-eabi/10.3.1/../../../../arm-none-eabi/lib/thumb/v7e-m+fp/softfp\libc.a(lib_a-vfiprintf.o)
 .text._write_r
                0x10007640       0x2c c:/maximsdk/tools/gnutools/10.3/bin/../lib/gcc/arm-none-eabi/10.3.1/../../../../arm-none-eabi/lib/thumb/v7e-m+fp/softfp\libc.a(lib_a-writer.o)
                0x10007640                _write_r
 .text.__register_exitproc
                0x1000766c       0x8c c:/maximsdk/tools/gnutools/10.3/bin/../lib/gcc/arm-none-eabi/10.3.1/../../../../arm-none-eabi/lib/thumb/v7e-m+fp/softfp\libc.a(lib_a-__atexit.o)
                0x1000766c                __register_exitproc
 .text.__assert_func
                0x100076f8       0x40 c:/maximsdk/tools/gnutools/10.3/bin/../lib/gcc/arm-none-eabi/10.3.1/../../../../arm-none-eabi/lib/thumb/v7e-m+fp/softfp\libc.a(lib_a-assert.o)
                0x100076f8                __assert_func
 .text._calloc_r
                0x10007738       0x78 c:/maximsdk/tools/gnutools/10.3/bin/../lib/gcc/arm-none-eabi/10.3.1/../../../../arm-none-eabi/lib/thumb/v7e-m+fp/softfp\libc.a(lib_a-callocr.o)
                0x10007738                _calloc_r
 .text._close_r
                0x100077b0       0x24 c:/maximsdk/tools/gnutools/10.3/bin/../lib/gcc/arm-none-eabi/10.3.1/../../../../arm-none-eabi/lib/thumb/v7e-m+fp/softfp\libc.a(lib_a-closer.o)
                0x100077b0                _close_r
 .text._fclose_r
                0x100077d4       0xcc c:/maximsdk/tools/gnutools/10.3/bin/../lib/gcc/arm-none-eabi/10.3.1/../../../../arm-none-eabi/lib/thumb/v7e-m+fp/softfp\libc.a(lib_a-fclose.o)
                0x100077d4                _fclose_r
 .text.fiprintf
                0x100078a0       0x28 c:/maximsdk/tools/gnutools/10.3/bin/../lib/gcc/arm-none-eabi/10.3.1/../../../../arm-none-eabi/lib/thumb/v7e-m+fp/softfp\libc.a(lib_a-fiprintf.o)
                0x100078a0                fiprintf
 .text.__fputwc
                0x100078c8       0xa8 c:/maximsdk/tools/gnutools/10.3/bin/../lib/gcc/arm-none-eabi/10.3.1/../../../../arm-none-eabi/lib/thumb/v7e-m+fp/softfp\libc.a(lib_a-fputwc.o)
                0x100078c8                __fputwc
 .text._fputwc_r
                0x10007970       0x68 c:/maximsdk/tools/gnutools/10.3/bin/../lib/gcc/arm-none-eabi/10.3.1/../../../../arm-none-eabi/lib/thumb/v7e-m+fp/softfp\libc.a(lib_a-fputwc.o)
                0x10007970                _fputwc_r
 .text._fstat_r
                0x100079d8       0x2c c:/maximsdk/tools/gnutools/10.3/bin/../lib/gcc/arm-none-eabi/10.3.1/../../../../arm-none-eabi/lib/thumb/v7e-m+fp/softfp\libc.a(lib_a-fstatr.o)
                0x100079d8                _fstat_r
 .text._isatty_r
                0x10007a04       0x24 c:/maximsdk/tools/gnutools/10.3/bin/../lib/gcc/arm-none-eabi/10.3.1/../../../../arm-none-eabi/lib/thumb/v7e-m+fp/softfp\libc.a(lib_a-isattyr.o)
                0x10007a04                _isatty_r
 .text.__locale_mb_cur_max
                0x10007a28        0xc c:/maximsdk/tools/gnutools/10.3/bin/../lib/gcc/arm-none-eabi/10.3.1/../../../../arm-none-eabi/lib/thumb/v7e-m+fp/softfp\libc.a(lib_a-locale.o)
                0x10007a28                __locale_mb_cur_max
 .text._lseek_r
                0x10007a34       0x2c c:/maximsdk/tools/gnutools/10.3/bin/../lib/gcc/arm-none-eabi/10.3.1/../../../../arm-none-eabi/lib/thumb/v7e-m+fp/softfp\libc.a(lib_a-lseekr.o)
                0x10007a34                _lseek_r
 .text.__ascii_mbtowc
                0x10007a60       0x2c c:/maximsdk/tools/gnutools/10.3/bin/../lib/gcc/arm-none-eabi/10.3.1/../../../../arm-none-eabi/lib/thumb/v7e-m+fp/softfp\libc.a(lib_a-mbtowc_r.o)
                0x10007a60                __ascii_mbtowc
 .text._read_r  0x10007a8c       0x2c c:/maximsdk/tools/gnutools/10.3/bin/../lib/gcc/arm-none-eabi/10.3.1/../../../../arm-none-eabi/lib/thumb/v7e-m+fp/softfp\libc.a(lib_a-readr.o)
                0x10007a8c                _read_r
 .text.__swbuf_r
                0x10007ab8       0xb0 c:/maximsdk/tools/gnutools/10.3/bin/../lib/gcc/arm-none-eabi/10.3.1/../../../../arm-none-eabi/lib/thumb/v7e-m+fp/softfp\libc.a(lib_a-wbuf.o)
                0x10007ab8                __swbuf_r
 .text._wcrtomb_r
                0x10007b68       0x3c c:/maximsdk/tools/gnutools/10.3/bin/../lib/gcc/arm-none-eabi/10.3.1/../../../../arm-none-eabi/lib/thumb/v7e-m+fp/softfp\libc.a(lib_a-wcrtomb.o)
                0x10007b68                _wcrtomb_r
 .text.__ascii_wctomb
                0x10007ba4       0x1c c:/maximsdk/tools/gnutools/10.3/bin/../lib/gcc/arm-none-eabi/10.3.1/../../../../arm-none-eabi/lib/thumb/v7e-m+fp/softfp\libc.a(lib_a-wctomb_r.o)
                0x10007ba4                __ascii_wctomb
 .text.abort    0x10007bc0       0x10 c:/maximsdk/tools/gnutools/10.3/bin/../lib/gcc/arm-none-eabi/10.3.1/../../../../arm-none-eabi/lib/thumb/v7e-m+fp/softfp\libc.a(lib_a-abort.o)
                0x10007bc0                abort
 .text.raise    0x10007bd0       0x5c c:/maximsdk/tools/gnutools/10.3/bin/../lib/gcc/arm-none-eabi/10.3.1/../../../../arm-none-eabi/lib/thumb/v7e-m+fp/softfp\libc.a(lib_a-signal.o)
                0x10007bd0                raise
 .text._kill_r  0x10007c2c       0x2c c:/maximsdk/tools/gnutools/10.3/bin/../lib/gcc/arm-none-eabi/10.3.1/../../../../arm-none-eabi/lib/thumb/v7e-m+fp/softfp\libc.a(lib_a-signalr.o)
                0x10007c2c                _kill_r
 .text._getpid_r
                0x10007c58        0x4 c:/maximsdk/tools/gnutools/10.3/bin/../lib/gcc/arm-none-eabi/10.3.1/../../../../arm-none-eabi/lib/thumb/v7e-m+fp/softfp\libc.a(lib_a-signalr.o)
                0x10007c58                _getpid_r
 .text._getpid  0x10007c5c       0x10 c:/maximsdk/tools/gnutools/10.3/bin/../lib/gcc/arm-none-eabi/10.3.1/../../../../arm-none-eabi/lib/thumb/v7e-m+fp/softfp\libnosys.a(getpid.o)
                0x10007c5c                _getpid
 .text._kill    0x10007c6c       0x10 c:/maximsdk/tools/gnutools/10.3/bin/../lib/gcc/arm-none-eabi/10.3.1/../../../../arm-none-eabi/lib/thumb/v7e-m+fp/softfp\libnosys.a(kill.o)
                0x10007c6c                _kill
 .text._exit    0x10007c7c        0x4 c:/maximsdk/tools/gnutools/10.3/bin/../lib/gcc/arm-none-eabi/10.3.1/../../../../arm-none-eabi/lib/thumb/v7e-m+fp/softfp\libnosys.a(_exit.o)
                0x10007c7c                _exit
 .text          0x10007c80      0x378 c:/maximsdk/tools/gnutools/10.3/bin/../lib/gcc/arm-none-eabi/10.3.1/thumb/v7e-m+fp/softfp\libgcc.a(_arm_addsubdf3.o)
                0x10007c80                __aeabi_drsub
                0x10007c88                __aeabi_dsub
                0x10007c88                __subdf3
                0x10007c8c                __aeabi_dadd
                0x10007c8c                __adddf3
                0x10007f04                __floatunsidf
                0x10007f04                __aeabi_ui2d
                0x10007f24                __floatsidf
                0x10007f24                __aeabi_i2d
                0x10007f48                __aeabi_f2d
                0x10007f48                __extendsfdf2
                0x10007f8c                __floatundidf
                0x10007f8c                __aeabi_ul2d
                0x10007f9c                __floatdidf
                0x10007f9c                __aeabi_l2d
 .text          0x10007ff8      0x424 c:/maximsdk/tools/gnutools/10.3/bin/../lib/gcc/arm-none-eabi/10.3.1/thumb/v7e-m+fp/softfp\libgcc.a(_arm_muldivdf3.o)
                0x10007ff8                __aeabi_dmul
                0x10007ff8                __muldf3
                0x1000824c                __divdf3
                0x1000824c                __aeabi_ddiv
 .text          0x1000841c      0x110 c:/maximsdk/tools/gnutools/10.3/bin/../lib/gcc/arm-none-eabi/10.3.1/thumb/v7e-m+fp/softfp\libgcc.a(_arm_cmpdf2.o)
                0x1000841c                __gtdf2
                0x1000841c                __gedf2
                0x10008424                __ltdf2
                0x10008424                __ledf2
                0x1000842c                __nedf2
                0x1000842c                __eqdf2
                0x1000842c                __cmpdf2
                0x100084a8                __aeabi_cdrcmple
                0x100084b8                __aeabi_cdcmpeq
                0x100084b8                __aeabi_cdcmple
                0x100084c8                __aeabi_dcmpeq
                0x100084dc                __aeabi_dcmplt
                0x100084f0                __aeabi_dcmple
                0x10008504                __aeabi_dcmpge
                0x10008518                __aeabi_dcmpgt
 .text          0x1000852c       0x2c c:/maximsdk/tools/gnutools/10.3/bin/../lib/gcc/arm-none-eabi/10.3.1/thumb/v7e-m+fp/softfp\libgcc.a(_arm_unorddf2.o)
                0x1000852c                __unorddf2
                0x1000852c                __aeabi_dcmpun
 .text          0x10008558       0x50 c:/maximsdk/tools/gnutools/10.3/bin/../lib/gcc/arm-none-eabi/10.3.1/thumb/v7e-m+fp/softfp\libgcc.a(_arm_fixdfsi.o)
                0x10008558                __aeabi_d2iz
                0x10008558                __fixdfsi
 .text          0x100085a8       0x30 c:/maximsdk/tools/gnutools/10.3/bin/../lib/gcc/arm-none-eabi/10.3.1/thumb/v7e-m+fp/softfp\libgcc.a(_aeabi_uldivmod.o)
                0x100085a8                __aeabi_uldivmod
 .text          0x100085d8      0x2d0 c:/maximsdk/tools/gnutools/10.3/bin/../lib/gcc/arm-none-eabi/10.3.1/thumb/v7e-m+fp/softfp\libgcc.a(_udivmoddi4.o)
                0x100085d8                __udivmoddi4
 .text          0x100088a8        0x4 c:/maximsdk/tools/gnutools/10.3/bin/../lib/gcc/arm-none-eabi/10.3.1/thumb/v7e-m+fp/softfp\libgcc.a(_dvmd_tls.o)
                0x100088a8                __aeabi_idiv0
                0x100088a8                __aeabi_ldiv0
 *(.rodata*)
 .rodata.main.str1.4
                0x100088ac      0x10d C:/MaximSDK/Examples/MAX78000/WUT/build/main.o
 *fill*         0x100089b9        0x3 
 .rodata.mxc_assert.str1.4
                0x100089bc       0x19 C:/MaximSDK/Examples/MAX78000/WUT/build/board.o
 *fill*         0x100089d5        0x3 
 .rodata.Board_Init.str1.4
                0x100089d8       0x45 C:/MaximSDK/Examples/MAX78000/WUT/build/board.o
 *fill*         0x10008a1d        0x3 
 .rodata.led_pin
                0x10008a20       0x24 C:/MaximSDK/Examples/MAX78000/WUT/build/board.o
                0x10008a20                led_pin
 .rodata.num_leds
                0x10008a44        0x4 C:/MaximSDK/Examples/MAX78000/WUT/build/board.o
                0x10008a44                num_leds
 .rodata.num_pbs
                0x10008a48        0x4 C:/MaximSDK/Examples/MAX78000/WUT/build/board.o
                0x10008a48                num_pbs
 .rodata.pb_pin
                0x10008a4c       0x18 C:/MaximSDK/Examples/MAX78000/WUT/build/board.o
                0x10008a4c                pb_pin
 .rodata.PB_RegisterCallback.str1.4
                0x10008a64       0x65 C:/MaximSDK/Examples/MAX78000/WUT/build/pb.o
 *fill*         0x10008ac9        0x3 
 .rodata.gpio_cfg_uart0
                0x10008acc        0xc C:/MaximSDK/Libraries/PeriphDrivers/bin/MAX78000/softfp/libPeriphDriver_softfp.a(pins_ai85.o)
                0x10008acc                gpio_cfg_uart0
 .rodata.gpio_cfg_uart1
                0x10008ad8        0xc C:/MaximSDK/Libraries/PeriphDrivers/bin/MAX78000/softfp/libPeriphDriver_softfp.a(pins_ai85.o)
                0x10008ad8                gpio_cfg_uart1
 .rodata.gpio_cfg_uart2
                0x10008ae4        0xc C:/MaximSDK/Libraries/PeriphDrivers/bin/MAX78000/softfp/libPeriphDriver_softfp.a(pins_ai85.o)
                0x10008ae4                gpio_cfg_uart2
 .rodata.gpio_cfg_uart3
                0x10008af0        0xc C:/MaximSDK/Libraries/PeriphDrivers/bin/MAX78000/softfp/libPeriphDriver_softfp.a(pins_ai85.o)
                0x10008af0                gpio_cfg_uart3
 .rodata.CSWTCH.16
                0x10008afc       0x10 C:/MaximSDK/Libraries/PeriphDrivers/bin/MAX78000/softfp/libPeriphDriver_softfp.a(wut_reva.o)
 .rodata.CSWTCH.17
                0x10008b0c       0x10 C:/MaximSDK/Libraries/PeriphDrivers/bin/MAX78000/softfp/libPeriphDriver_softfp.a(wut_reva.o)
 .rodata.MXC_GPIO_Common_Handler.str1.4
                0x10008b1c       0x66 C:/MaximSDK/Libraries/PeriphDrivers/bin/MAX78000/softfp/libPeriphDriver_softfp.a(gpio_common.o)
 *fill*         0x10008b82        0x2 
 .rodata._global_impure_ptr
                0x10008b84        0x4 c:/maximsdk/tools/gnutools/10.3/bin/../lib/gcc/arm-none-eabi/10.3.1/../../../../arm-none-eabi/lib/thumb/v7e-m+fp/softfp\libc.a(lib_a-impure.o)
                0x10008b84                _global_impure_ptr
 .rodata._puts_r.str1.4
                0x10008b88        0x2 c:/maximsdk/tools/gnutools/10.3/bin/../lib/gcc/arm-none-eabi/10.3.1/../../../../arm-none-eabi/lib/thumb/v7e-m+fp/softfp\libc.a(lib_a-puts.o)
 *fill*         0x10008b8a        0x2 
 .rodata._vfprintf_r.str1.4
                0x10008b8c       0x42 c:/maximsdk/tools/gnutools/10.3/bin/../lib/gcc/arm-none-eabi/10.3.1/../../../../arm-none-eabi/lib/thumb/v7e-m+fp/softfp\libc.a(lib_a-vfprintf.o)
 *fill*         0x10008bce        0x2 
 .rodata.blanks.1
                0x10008bd0       0x10 c:/maximsdk/tools/gnutools/10.3/bin/../lib/gcc/arm-none-eabi/10.3.1/../../../../arm-none-eabi/lib/thumb/v7e-m+fp/softfp\libc.a(lib_a-vfprintf.o)
 .rodata.zeroes.0
                0x10008be0       0x10 c:/maximsdk/tools/gnutools/10.3/bin/../lib/gcc/arm-none-eabi/10.3.1/../../../../arm-none-eabi/lib/thumb/v7e-m+fp/softfp\libc.a(lib_a-vfprintf.o)
 .rodata._dtoa_r.str1.4
                0x10008bf0       0xa2 c:/maximsdk/tools/gnutools/10.3/bin/../lib/gcc/arm-none-eabi/10.3.1/../../../../arm-none-eabi/lib/thumb/v7e-m+fp/softfp\libc.a(lib_a-dtoa.o)
                                 0xa6 (size before relaxing)
 *fill*         0x10008c92        0x2 
 .rodata.__multadd.str1.4
                0x10008c94       0x7f c:/maximsdk/tools/gnutools/10.3/bin/../lib/gcc/arm-none-eabi/10.3.1/../../../../arm-none-eabi/lib/thumb/v7e-m+fp/softfp\libc.a(lib_a-mprec.o)
                                 0x93 (size before relaxing)
 *fill*         0x10008d13        0x5 
 .rodata.__mprec_bigtens
                0x10008d18       0x28 c:/maximsdk/tools/gnutools/10.3/bin/../lib/gcc/arm-none-eabi/10.3.1/../../../../arm-none-eabi/lib/thumb/v7e-m+fp/softfp\libc.a(lib_a-mprec.o)
                0x10008d18                __mprec_bigtens
 .rodata.__mprec_tens
                0x10008d40       0xc8 c:/maximsdk/tools/gnutools/10.3/bin/../lib/gcc/arm-none-eabi/10.3.1/../../../../arm-none-eabi/lib/thumb/v7e-m+fp/softfp\libc.a(lib_a-mprec.o)
                0x10008d40                __mprec_tens
 .rodata.p05.0  0x10008e08        0xc c:/maximsdk/tools/gnutools/10.3/bin/../lib/gcc/arm-none-eabi/10.3.1/../../../../arm-none-eabi/lib/thumb/v7e-m+fp/softfp\libc.a(lib_a-mprec.o)
 .rodata._vfiprintf_r.str1.4
                0x10008e14       0x2f c:/maximsdk/tools/gnutools/10.3/bin/../lib/gcc/arm-none-eabi/10.3.1/../../../../arm-none-eabi/lib/thumb/v7e-m+fp/softfp\libc.a(lib_a-vfiprintf.o)
 .rodata.blanks.1
                0x10008e14       0x10 c:/maximsdk/tools/gnutools/10.3/bin/../lib/gcc/arm-none-eabi/10.3.1/../../../../arm-none-eabi/lib/thumb/v7e-m+fp/softfp\libc.a(lib_a-vfiprintf.o)
 .rodata.zeroes.0
                0x10008e24       0x10 c:/maximsdk/tools/gnutools/10.3/bin/../lib/gcc/arm-none-eabi/10.3.1/../../../../arm-none-eabi/lib/thumb/v7e-m+fp/softfp\libc.a(lib_a-vfiprintf.o)
 .rodata.__assert_func.str1.4
                0x10008e34       0x3f c:/maximsdk/tools/gnutools/10.3/bin/../lib/gcc/arm-none-eabi/10.3.1/../../../../arm-none-eabi/lib/thumb/v7e-m+fp/softfp\libc.a(lib_a-assert.o)
                                 0x43 (size before relaxing)
 *fill*         0x10008e73        0x1 
 .rodata._setlocale_r.str1.4
                0x10008e74        0xa c:/maximsdk/tools/gnutools/10.3/bin/../lib/gcc/arm-none-eabi/10.3.1/../../../../arm-none-eabi/lib/thumb/v7e-m+fp/softfp\libc.a(lib_a-locale.o)
                                  0xd (size before relaxing)
 *fill*         0x10008e7e        0x2 
 .rodata.str1.4
                0x10008e80        0x2 c:/maximsdk/tools/gnutools/10.3/bin/../lib/gcc/arm-none-eabi/10.3.1/../../../../arm-none-eabi/lib/thumb/v7e-m+fp/softfp\libc.a(lib_a-locale.o)
 *fill*         0x10008e82        0x2 
 .rodata._ctype_
                0x10008e84      0x101 c:/maximsdk/tools/gnutools/10.3/bin/../lib/gcc/arm-none-eabi/10.3.1/../../../../arm-none-eabi/lib/thumb/v7e-m+fp/softfp\libc.a(lib_a-ctype_.o)
                0x10008e84                _ctype_
 *(.init)
 *fill*         0x10008f85        0x3 
 .init          0x10008f88        0x4 c:/maximsdk/tools/gnutools/10.3/bin/../lib/gcc/arm-none-eabi/10.3.1/thumb/v7e-m+fp/softfp/crti.o
                0x10008f88                _init
 .init          0x10008f8c        0x8 c:/maximsdk/tools/gnutools/10.3/bin/../lib/gcc/arm-none-eabi/10.3.1/thumb/v7e-m+fp/softfp/crtn.o
 *(.fini)
 .fini          0x10008f94        0x4 c:/maximsdk/tools/gnutools/10.3/bin/../lib/gcc/arm-none-eabi/10.3.1/thumb/v7e-m+fp/softfp/crti.o
                0x10008f94                _fini
 .fini          0x10008f98        0x8 c:/maximsdk/tools/gnutools/10.3/bin/../lib/gcc/arm-none-eabi/10.3.1/thumb/v7e-m+fp/softfp/crtn.o
 *(.eh_frame*)
 .eh_frame      0x10008fa0        0x0 c:/maximsdk/tools/gnutools/10.3/bin/../lib/gcc/arm-none-eabi/10.3.1/thumb/v7e-m+fp/softfp/crtbegin.o
 .eh_frame      0x10008fa0        0x4 c:/maximsdk/tools/gnutools/10.3/bin/../lib/gcc/arm-none-eabi/10.3.1/thumb/v7e-m+fp/softfp/crtend.o
                0x10008fa4                _etext = .

.glue_7         0x10008fa4        0x0
 .glue_7        0x10008fa4        0x0 linker stubs

.glue_7t        0x10008fa4        0x0
 .glue_7t       0x10008fa4        0x0 linker stubs

.vfp11_veneer   0x10008fa4        0x0
 .vfp11_veneer  0x10008fa4        0x0 linker stubs

.v4_bx          0x10008fa4        0x0
 .v4_bx         0x10008fa4        0x0 linker stubs

.iplt           0x10008fa4        0x0
 .iplt          0x10008fa4        0x0 c:/maximsdk/tools/gnutools/10.3/bin/../lib/gcc/arm-none-eabi/10.3.1/thumb/v7e-m+fp/softfp/crtbegin.o

.bin_storage    0x10008fa4        0x0
 FILL mask 0xff
                0x10008fa4                _bin_start_ = .
 *(.bin_storage_img)
                0x10008fa4                _bin_end_ = .
                0x10008fa4                . = ALIGN (0x4)

.rom_code       0x00000000        0x0
                0x00000000                . = ALIGN (0x10)
                0x20000000                _sran_code = .
 *(.rom_code_section)
                0x20000000                _esran_code = .

.flash_code     0x10008fa4        0xc
                0x10008fb0                . = ALIGN (0x10)
 *fill*         0x10008fa4        0xc 
                0x20000000                _sran_code = .
 *(.flash_code_section)
                0x20000000                _esran_code = .

.sram_code      0x20000000        0x0
                0x20000000                . = ALIGN (0x10)
                0x20000000                _sran_code = .
 *(.sram_code_section)
                0x20000000                _esran_code = .

.ARM.exidx      0x10008fb0        0x8
                0x10008fb0                __exidx_start = .
 *(.ARM.exidx*)
 .ARM.exidx     0x10008fb0        0x8 c:/maximsdk/tools/gnutools/10.3/bin/../lib/gcc/arm-none-eabi/10.3.1/thumb/v7e-m+fp/softfp\libgcc.a(_udivmoddi4.o)
                0x10008fb8                __exidx_end = .

.rel.dyn        0x10008fb8        0x0
 .rel.iplt      0x10008fb8        0x0 c:/maximsdk/tools/gnutools/10.3/bin/../lib/gcc/arm-none-eabi/10.3.1/thumb/v7e-m+fp/softfp/crtbegin.o

.data           0x20000000      0x9c4 load address 0x10008fb8
                0x20000000                _data = ALIGN (., 0x4)
 *(.data*)
 .data.ConsoleUart
                0x20000000        0x4 C:/MaximSDK/Examples/MAX78000/WUT/build/board.o
                0x20000000                ConsoleUart
 .data.overflows
                0x20000004        0x4 C:/MaximSDK/Libraries/PeriphDrivers/bin/MAX78000/softfp/libPeriphDriver_softfp.a(mxc_delay.o)
 .data._impure_ptr
                0x20000008        0x4 c:/maximsdk/tools/gnutools/10.3/bin/../lib/gcc/arm-none-eabi/10.3.1/../../../../arm-none-eabi/lib/thumb/v7e-m+fp/softfp\libc.a(lib_a-impure.o)
                0x20000008                _impure_ptr
 *fill*         0x2000000c        0x4 
 .data.impure_data
                0x20000010      0x428 c:/maximsdk/tools/gnutools/10.3/bin/../lib/gcc/arm-none-eabi/10.3.1/../../../../arm-none-eabi/lib/thumb/v7e-m+fp/softfp\libc.a(lib_a-impure.o)
 .data.__malloc_av_
                0x20000438      0x408 c:/maximsdk/tools/gnutools/10.3/bin/../lib/gcc/arm-none-eabi/10.3.1/../../../../arm-none-eabi/lib/thumb/v7e-m+fp/softfp\libc.a(lib_a-mallocr.o)
                0x20000438                __malloc_av_
 .data.__malloc_sbrk_base
                0x20000840        0x4 c:/maximsdk/tools/gnutools/10.3/bin/../lib/gcc/arm-none-eabi/10.3.1/../../../../arm-none-eabi/lib/thumb/v7e-m+fp/softfp\libc.a(lib_a-mallocr.o)
                0x20000840                __malloc_sbrk_base
 .data.__malloc_trim_threshold
                0x20000844        0x4 c:/maximsdk/tools/gnutools/10.3/bin/../lib/gcc/arm-none-eabi/10.3.1/../../../../arm-none-eabi/lib/thumb/v7e-m+fp/softfp\libc.a(lib_a-mallocr.o)
                0x20000844                __malloc_trim_threshold
 .data.__atexit_recursive_mutex
                0x20000848        0x4 c:/maximsdk/tools/gnutools/10.3/bin/../lib/gcc/arm-none-eabi/10.3.1/../../../../arm-none-eabi/lib/thumb/v7e-m+fp/softfp\libc.a(lib_a-__call_atexit.o)
                0x20000848                __atexit_recursive_mutex
 .data.__global_locale
                0x2000084c      0x16c c:/maximsdk/tools/gnutools/10.3/bin/../lib/gcc/arm-none-eabi/10.3.1/../../../../arm-none-eabi/lib/thumb/v7e-m+fp/softfp\libc.a(lib_a-locale.o)
                0x2000084c                __global_locale
 *(.flashprog*)
                0x200009b8                . = ALIGN (0x4)
                0x200009b8                PROVIDE (__preinit_array_start = .)
 *(.preinit_array)
                0x200009b8                PROVIDE (__preinit_array_end = .)
                0x200009b8                . = ALIGN (0x4)
                0x200009b8                PROVIDE (__init_array_start = .)
 *(SORT_BY_NAME(.init_array.*))
 .init_array.00000
                0x200009b8        0x4 c:/maximsdk/tools/gnutools/10.3/bin/../lib/gcc/arm-none-eabi/10.3.1/../../../../arm-none-eabi/lib/thumb/v7e-m+fp/softfp\libc.a(lib_a-__call_atexit.o)
 *(.init_array)
 .init_array    0x200009bc        0x4 c:/maximsdk/tools/gnutools/10.3/bin/../lib/gcc/arm-none-eabi/10.3.1/thumb/v7e-m+fp/softfp/crtbegin.o
                0x200009c0                PROVIDE (__init_array_end = .)
                0x200009c0                . = ALIGN (0x4)
                0x200009c0                PROVIDE (__fini_array_start = .)
 *(SORT_BY_NAME(.fini_array.*))
 *(.fini_array)
 .fini_array    0x200009c0        0x4 c:/maximsdk/tools/gnutools/10.3/bin/../lib/gcc/arm-none-eabi/10.3.1/thumb/v7e-m+fp/softfp/crtbegin.o
                0x200009c4                PROVIDE (__fini_array_end = .)
                0x200009c4                _edata = ALIGN (., 0x4)
                0x10008fb8                __load_data = LOADADDR (.data)

.igot.plt       0x200009c4        0x0 load address 0x1000997c
 .igot.plt      0x200009c4        0x0 c:/maximsdk/tools/gnutools/10.3/bin/../lib/gcc/arm-none-eabi/10.3.1/thumb/v7e-m+fp/softfp/crtbegin.o

.bss            0x200009c4      0x4a4 load address 0x1000997c
                0x200009c4                . = ALIGN (0x4)
                0x200009c4                _bss = .
 *(.bss*)
 .bss           0x200009c4       0x1c c:/maximsdk/tools/gnutools/10.3/bin/../lib/gcc/arm-none-eabi/10.3.1/thumb/v7e-m+fp/softfp/crtbegin.o
 .bss.buttonPressed
                0x200009e0        0x4 C:/MaximSDK/Examples/MAX78000/WUT/build/main.o
                0x200009e0                buttonPressed
 .bss.heap_end  0x200009e4        0x4 C:/MaximSDK/Examples/MAX78000/WUT/build/heap.o
 .bss.cbFunc    0x200009e8        0x4 C:/MaximSDK/Libraries/PeriphDrivers/bin/MAX78000/softfp/libPeriphDriver_softfp.a(mxc_delay.o)
 .bss.ctrl_save
                0x200009ec        0x4 C:/MaximSDK/Libraries/PeriphDrivers/bin/MAX78000/softfp/libPeriphDriver_softfp.a(mxc_delay.o)
 .bss.endtick   0x200009f0        0x4 C:/MaximSDK/Libraries/PeriphDrivers/bin/MAX78000/softfp/libPeriphDriver_softfp.a(mxc_delay.o)
 .bss.AsyncRxRequests
                0x200009f4       0x10 C:/MaximSDK/Libraries/PeriphDrivers/bin/MAX78000/softfp/libPeriphDriver_softfp.a(uart_revb.o)
 .bss.AsyncTxRequests
                0x20000a04       0x10 C:/MaximSDK/Libraries/PeriphDrivers/bin/MAX78000/softfp/libPeriphDriver_softfp.a(uart_revb.o)
 .bss.wut_count
                0x20000a14        0x4 C:/MaximSDK/Libraries/PeriphDrivers/bin/MAX78000/softfp/libPeriphDriver_softfp.a(wut_reva.o)
 .bss.wut_snapshot
                0x20000a18        0x4 C:/MaximSDK/Libraries/PeriphDrivers/bin/MAX78000/softfp/libPeriphDriver_softfp.a(wut_reva.o)
 .bss.callback  0x20000a1c      0x200 C:/MaximSDK/Libraries/PeriphDrivers/bin/MAX78000/softfp/libPeriphDriver_softfp.a(gpio_common.o)
 .bss.cbparam   0x20000c1c      0x200 C:/MaximSDK/Libraries/PeriphDrivers/bin/MAX78000/softfp/libPeriphDriver_softfp.a(gpio_common.o)
 .bss.initialized
                0x20000e1c        0x1 C:/MaximSDK/Libraries/PeriphDrivers/bin/MAX78000/softfp/libPeriphDriver_softfp.a(gpio_common.o)
 *fill*         0x20000e1d        0x3 
 .bss.__malloc_current_mallinfo
                0x20000e20       0x28 c:/maximsdk/tools/gnutools/10.3/bin/../lib/gcc/arm-none-eabi/10.3.1/../../../../arm-none-eabi/lib/thumb/v7e-m+fp/softfp\libc.a(lib_a-mallocr.o)
                0x20000e20                __malloc_current_mallinfo
 .bss.__malloc_max_sbrked_mem
                0x20000e48        0x4 c:/maximsdk/tools/gnutools/10.3/bin/../lib/gcc/arm-none-eabi/10.3.1/../../../../arm-none-eabi/lib/thumb/v7e-m+fp/softfp\libc.a(lib_a-mallocr.o)
                0x20000e48                __malloc_max_sbrked_mem
 .bss.__malloc_max_total_mem
                0x20000e4c        0x4 c:/maximsdk/tools/gnutools/10.3/bin/../lib/gcc/arm-none-eabi/10.3.1/../../../../arm-none-eabi/lib/thumb/v7e-m+fp/softfp\libc.a(lib_a-mallocr.o)
                0x20000e4c                __malloc_max_total_mem
 .bss.__malloc_top_pad
                0x20000e50        0x4 c:/maximsdk/tools/gnutools/10.3/bin/../lib/gcc/arm-none-eabi/10.3.1/../../../../arm-none-eabi/lib/thumb/v7e-m+fp/softfp\libc.a(lib_a-mallocr.o)
                0x20000e50                __malloc_top_pad
 .bss.__lock___atexit_recursive_mutex
                0x20000e54        0x1 c:/maximsdk/tools/gnutools/10.3/bin/../lib/gcc/arm-none-eabi/10.3.1/../../../../arm-none-eabi/lib/thumb/v7e-m+fp/softfp\libc.a(lib_a-lock.o)
                0x20000e54                __lock___atexit_recursive_mutex
 *fill*         0x20000e55        0x3 
 .bss.__lock___malloc_recursive_mutex
                0x20000e58        0x1 c:/maximsdk/tools/gnutools/10.3/bin/../lib/gcc/arm-none-eabi/10.3.1/../../../../arm-none-eabi/lib/thumb/v7e-m+fp/softfp\libc.a(lib_a-lock.o)
                0x20000e58                __lock___malloc_recursive_mutex
 *fill*         0x20000e59        0x3 
 .bss.__lock___sfp_recursive_mutex
                0x20000e5c        0x1 c:/maximsdk/tools/gnutools/10.3/bin/../lib/gcc/arm-none-eabi/10.3.1/../../../../arm-none-eabi/lib/thumb/v7e-m+fp/softfp\libc.a(lib_a-lock.o)
                0x20000e5c                __lock___sfp_recursive_mutex
 *fill*         0x20000e5d        0x3 
 .bss.__lock___sinit_recursive_mutex
                0x20000e60        0x1 c:/maximsdk/tools/gnutools/10.3/bin/../lib/gcc/arm-none-eabi/10.3.1/../../../../arm-none-eabi/lib/thumb/v7e-m+fp/softfp\libc.a(lib_a-lock.o)
                0x20000e60                __lock___sinit_recursive_mutex
 *fill*         0x20000e61        0x3 
 .bss.errno     0x20000e64        0x4 c:/maximsdk/tools/gnutools/10.3/bin/../lib/gcc/arm-none-eabi/10.3.1/../../../../arm-none-eabi/lib/thumb/v7e-m+fp/softfp\libc.a(lib_a-reent.o)
                0x20000e64                errno
 *(COMMON)
                0x20000e68                _ebss = ALIGN (., 0x4)

.shared         0x20000e68        0x4 load address 0x1000997c
                0x20000e68                . = ALIGN (0x4)
                0x20000e68                _shared = .
 *(.mailbox*)
                0x20000e68                . = ALIGN (0x4)
 *(.shared*)
 .shared        0x20000e68        0x4 C:/MaximSDK/Examples/MAX78000/WUT/build/system_max78000.o
                0x20000e68                SystemCoreClock
                0x20000e6c                _eshared = ALIGN (., 0x4)
                0x1000997c                __shared_data = LOADADDR (.shared)
                0x20020000                __StackTop = (ORIGIN (SRAM) + LENGTH (SRAM))
                0x2001f000                __StackLimit = (__StackTop - SIZEOF (.stack_dummy))

.stack_dummy    0x20000e70     0x1000 load address 0x10009980
 *(.stack*)
 .stack         0x20000e70     0x1000 C:/MaximSDK/Examples/MAX78000/WUT/build/startup_max78000.o

.heap           0x20000e70      0xc00 load address 0x10009980
                0x20000e70                . = ALIGN (0x4)
 *(.heap*)
 .heap          0x20000e70      0xc00 C:/MaximSDK/Examples/MAX78000/WUT/build/startup_max78000.o
                0x20000e70                __HeapBase
                0x2001f000                __HeapLimit = ABSOLUTE (__StackLimit)
                0x20020000                PROVIDE (__stack = __StackTop)
                0x00000001                ASSERT ((__StackLimit >= _ebss), region RAM overflowed with stack)
OUTPUT(C:/MaximSDK/Examples/MAX78000/WUT/build/WUT.elf elf32-littlearm)
LOAD linker stubs

.ARM.attributes
                0x00000000       0x2e
 .ARM.attributes
                0x00000000       0x1e c:/maximsdk/tools/gnutools/10.3/bin/../lib/gcc/arm-none-eabi/10.3.1/thumb/v7e-m+fp/softfp/crti.o
 .ARM.attributes
                0x0000001e       0x32 c:/maximsdk/tools/gnutools/10.3/bin/../lib/gcc/arm-none-eabi/10.3.1/thumb/v7e-m+fp/softfp/crtbegin.o
 .ARM.attributes
                0x00000050       0x32 C:/MaximSDK/Examples/MAX78000/WUT/build/main.o
 .ARM.attributes
                0x00000082       0x32 C:/MaximSDK/Examples/MAX78000/WUT/build/board.o
 .ARM.attributes
                0x000000b4       0x32 C:/MaximSDK/Examples/MAX78000/WUT/build/stdio.o
 .ARM.attributes
                0x000000e6       0x32 C:/MaximSDK/Examples/MAX78000/WUT/build/led.o
 .ARM.attributes
                0x00000118       0x32 C:/MaximSDK/Examples/MAX78000/WUT/build/pb.o
 .ARM.attributes
                0x0000014a       0x1b C:/MaximSDK/Examples/MAX78000/WUT/build/startup_max78000.o
 .ARM.attributes
                0x00000165       0x32 C:/MaximSDK/Examples/MAX78000/WUT/build/heap.o
 .ARM.attributes
                0x00000197       0x32 C:/MaximSDK/Examples/MAX78000/WUT/build/system_max78000.o
 .ARM.attributes
                0x000001c9       0x32 C:/MaximSDK/Libraries/PeriphDrivers/bin/MAX78000/softfp/libPeriphDriver_softfp.a(mxc_delay.o)
 .ARM.attributes
                0x000001fb       0x32 C:/MaximSDK/Libraries/PeriphDrivers/bin/MAX78000/softfp/libPeriphDriver_softfp.a(pins_ai85.o)
 .ARM.attributes
                0x0000022d       0x32 C:/MaximSDK/Libraries/PeriphDrivers/bin/MAX78000/softfp/libPeriphDriver_softfp.a(sys_ai85.o)
 .ARM.attributes
                0x0000025f       0x32 C:/MaximSDK/Libraries/PeriphDrivers/bin/MAX78000/softfp/libPeriphDriver_softfp.a(lp_ai85.o)
 .ARM.attributes
                0x00000291       0x32 C:/MaximSDK/Libraries/PeriphDrivers/bin/MAX78000/softfp/libPeriphDriver_softfp.a(gpio_ai85.o)
 .ARM.attributes
                0x000002c3       0x32 C:/MaximSDK/Libraries/PeriphDrivers/bin/MAX78000/softfp/libPeriphDriver_softfp.a(gpio_reva.o)
 .ARM.attributes
                0x000002f5       0x32 C:/MaximSDK/Libraries/PeriphDrivers/bin/MAX78000/softfp/libPeriphDriver_softfp.a(icc_me17.o)
 .ARM.attributes
                0x00000327       0x32 C:/MaximSDK/Libraries/PeriphDrivers/bin/MAX78000/softfp/libPeriphDriver_softfp.a(icc_reva.o)
 .ARM.attributes
                0x00000359       0x32 C:/MaximSDK/Libraries/PeriphDrivers/bin/MAX78000/softfp/libPeriphDriver_softfp.a(uart_ai85.o)
 .ARM.attributes
                0x0000038b       0x32 C:/MaximSDK/Libraries/PeriphDrivers/bin/MAX78000/softfp/libPeriphDriver_softfp.a(uart_common.o)
 .ARM.attributes
                0x000003bd       0x32 C:/MaximSDK/Libraries/PeriphDrivers/bin/MAX78000/softfp/libPeriphDriver_softfp.a(uart_revb.o)
 .ARM.attributes
                0x000003ef       0x32 C:/MaximSDK/Libraries/PeriphDrivers/bin/MAX78000/softfp/libPeriphDriver_softfp.a(wut_me17.o)
 .ARM.attributes
                0x00000421       0x32 C:/MaximSDK/Libraries/PeriphDrivers/bin/MAX78000/softfp/libPeriphDriver_softfp.a(wut_reva.o)
 .ARM.attributes
                0x00000453       0x32 C:/MaximSDK/Libraries/PeriphDrivers/bin/MAX78000/softfp/libPeriphDriver_softfp.a(gpio_common.o)
 .ARM.attributes
                0x00000485       0x32 c:/maximsdk/tools/gnutools/10.3/bin/../lib/gcc/arm-none-eabi/10.3.1/../../../../arm-none-eabi/lib/thumb/v7e-m+fp/softfp\libc.a(lib_a-errno.o)
 .ARM.attributes
                0x000004b7       0x32 c:/maximsdk/tools/gnutools/10.3/bin/../lib/gcc/arm-none-eabi/10.3.1/../../../../arm-none-eabi/lib/thumb/v7e-m+fp/softfp\libc.a(lib_a-impure.o)
 .ARM.attributes
                0x000004e9       0x32 c:/maximsdk/tools/gnutools/10.3/bin/../lib/gcc/arm-none-eabi/10.3.1/../../../../arm-none-eabi/lib/thumb/v7e-m+fp/softfp\libc.a(lib_a-init.o)
 .ARM.attributes
                0x0000051b       0x32 c:/maximsdk/tools/gnutools/10.3/bin/../lib/gcc/arm-none-eabi/10.3.1/../../../../arm-none-eabi/lib/thumb/v7e-m+fp/softfp\libc.a(lib_a-mallocr.o)
 .ARM.attributes
                0x0000054d       0x1c c:/maximsdk/tools/gnutools/10.3/bin/../lib/gcc/arm-none-eabi/10.3.1/../../../../arm-none-eabi/lib/thumb/v7e-m+fp/softfp\libc.a(lib_a-memcpy.o)
 .ARM.attributes
                0x00000569       0x32 c:/maximsdk/tools/gnutools/10.3/bin/../lib/gcc/arm-none-eabi/10.3.1/../../../../arm-none-eabi/lib/thumb/v7e-m+fp/softfp\libc.a(lib_a-memset.o)
 .ARM.attributes
                0x0000059b       0x32 c:/maximsdk/tools/gnutools/10.3/bin/../lib/gcc/arm-none-eabi/10.3.1/../../../../arm-none-eabi/lib/thumb/v7e-m+fp/softfp\libc.a(lib_a-mlock.o)
 .ARM.attributes
                0x000005cd       0x32 c:/maximsdk/tools/gnutools/10.3/bin/../lib/gcc/arm-none-eabi/10.3.1/../../../../arm-none-eabi/lib/thumb/v7e-m+fp/softfp\libc.a(lib_a-printf.o)
 .ARM.attributes
                0x000005ff       0x32 c:/maximsdk/tools/gnutools/10.3/bin/../lib/gcc/arm-none-eabi/10.3.1/../../../../arm-none-eabi/lib/thumb/v7e-m+fp/softfp\libc.a(lib_a-puts.o)
 .ARM.attributes
                0x00000631       0x32 c:/maximsdk/tools/gnutools/10.3/bin/../lib/gcc/arm-none-eabi/10.3.1/../../../../arm-none-eabi/lib/thumb/v7e-m+fp/softfp\libc.a(lib_a-sbrkr.o)
 .ARM.attributes
                0x00000663       0x1c c:/maximsdk/tools/gnutools/10.3/bin/../lib/gcc/arm-none-eabi/10.3.1/../../../../arm-none-eabi/lib/thumb/v7e-m+fp/softfp\libc.a(lib_a-strlen.o)
 .ARM.attributes
                0x0000067f       0x32 c:/maximsdk/tools/gnutools/10.3/bin/../lib/gcc/arm-none-eabi/10.3.1/../../../../arm-none-eabi/lib/thumb/v7e-m+fp/softfp\libc.a(lib_a-vfprintf.o)
 .ARM.attributes
                0x000006b1       0x32 c:/maximsdk/tools/gnutools/10.3/bin/../lib/gcc/arm-none-eabi/10.3.1/../../../../arm-none-eabi/lib/thumb/v7e-m+fp/softfp\libc.a(lib_a-wsetup.o)
 .ARM.attributes
                0x000006e3       0x32 c:/maximsdk/tools/gnutools/10.3/bin/../lib/gcc/arm-none-eabi/10.3.1/../../../../arm-none-eabi/lib/thumb/v7e-m+fp/softfp\libc.a(lib_a-__call_atexit.o)
 .ARM.attributes
                0x00000715       0x32 c:/maximsdk/tools/gnutools/10.3/bin/../lib/gcc/arm-none-eabi/10.3.1/../../../../arm-none-eabi/lib/thumb/v7e-m+fp/softfp\libc.a(lib_a-atexit.o)
 .ARM.attributes
                0x00000747       0x32 c:/maximsdk/tools/gnutools/10.3/bin/../lib/gcc/arm-none-eabi/10.3.1/../../../../arm-none-eabi/lib/thumb/v7e-m+fp/softfp\libc.a(lib_a-dtoa.o)
 .ARM.attributes
                0x00000779       0x32 c:/maximsdk/tools/gnutools/10.3/bin/../lib/gcc/arm-none-eabi/10.3.1/../../../../arm-none-eabi/lib/thumb/v7e-m+fp/softfp\libc.a(lib_a-fflush.o)
 .ARM.attributes
                0x000007ab       0x32 c:/maximsdk/tools/gnutools/10.3/bin/../lib/gcc/arm-none-eabi/10.3.1/../../../../arm-none-eabi/lib/thumb/v7e-m+fp/softfp\libc.a(lib_a-findfp.o)
 .ARM.attributes
                0x000007dd       0x32 c:/maximsdk/tools/gnutools/10.3/bin/../lib/gcc/arm-none-eabi/10.3.1/../../../../arm-none-eabi/lib/thumb/v7e-m+fp/softfp\libc.a(lib_a-fini.o)
 .ARM.attributes
                0x0000080f       0x32 c:/maximsdk/tools/gnutools/10.3/bin/../lib/gcc/arm-none-eabi/10.3.1/../../../../arm-none-eabi/lib/thumb/v7e-m+fp/softfp\libc.a(lib_a-freer.o)
 .ARM.attributes
                0x00000841       0x32 c:/maximsdk/tools/gnutools/10.3/bin/../lib/gcc/arm-none-eabi/10.3.1/../../../../arm-none-eabi/lib/thumb/v7e-m+fp/softfp\libc.a(lib_a-fvwrite.o)
 .ARM.attributes
                0x00000873       0x32 c:/maximsdk/tools/gnutools/10.3/bin/../lib/gcc/arm-none-eabi/10.3.1/../../../../arm-none-eabi/lib/thumb/v7e-m+fp/softfp\libc.a(lib_a-fwalk.o)
 .ARM.attributes
                0x000008a5       0x32 c:/maximsdk/tools/gnutools/10.3/bin/../lib/gcc/arm-none-eabi/10.3.1/../../../../arm-none-eabi/lib/thumb/v7e-m+fp/softfp\libc.a(lib_a-localeconv.o)
 .ARM.attributes
                0x000008d7       0x32 c:/maximsdk/tools/gnutools/10.3/bin/../lib/gcc/arm-none-eabi/10.3.1/../../../../arm-none-eabi/lib/thumb/v7e-m+fp/softfp\libc.a(lib_a-lock.o)
 .ARM.attributes
                0x00000909       0x32 c:/maximsdk/tools/gnutools/10.3/bin/../lib/gcc/arm-none-eabi/10.3.1/../../../../arm-none-eabi/lib/thumb/v7e-m+fp/softfp\libc.a(lib_a-makebuf.o)
 .ARM.attributes
                0x0000093b       0x1c c:/maximsdk/tools/gnutools/10.3/bin/../lib/gcc/arm-none-eabi/10.3.1/../../../../arm-none-eabi/lib/thumb/v7e-m+fp/softfp\libc.a(lib_a-memchr.o)
 .ARM.attributes
                0x00000957       0x32 c:/maximsdk/tools/gnutools/10.3/bin/../lib/gcc/arm-none-eabi/10.3.1/../../../../arm-none-eabi/lib/thumb/v7e-m+fp/softfp\libc.a(lib_a-memmove.o)
 .ARM.attributes
                0x00000989       0x32 c:/maximsdk/tools/gnutools/10.3/bin/../lib/gcc/arm-none-eabi/10.3.1/../../../../arm-none-eabi/lib/thumb/v7e-m+fp/softfp\libc.a(lib_a-mprec.o)
 .ARM.attributes
                0x000009bb       0x32 c:/maximsdk/tools/gnutools/10.3/bin/../lib/gcc/arm-none-eabi/10.3.1/../../../../arm-none-eabi/lib/thumb/v7e-m+fp/softfp\libc.a(lib_a-reallocr.o)
 .ARM.attributes
                0x000009ed       0x32 c:/maximsdk/tools/gnutools/10.3/bin/../lib/gcc/arm-none-eabi/10.3.1/../../../../arm-none-eabi/lib/thumb/v7e-m+fp/softfp\libc.a(lib_a-reent.o)
 .ARM.attributes
                0x00000a1f       0x32 c:/maximsdk/tools/gnutools/10.3/bin/../lib/gcc/arm-none-eabi/10.3.1/../../../../arm-none-eabi/lib/thumb/v7e-m+fp/softfp\libc.a(lib_a-s_frexp.o)
 .ARM.attributes
                0x00000a51       0x32 c:/maximsdk/tools/gnutools/10.3/bin/../lib/gcc/arm-none-eabi/10.3.1/../../../../arm-none-eabi/lib/thumb/v7e-m+fp/softfp\libc.a(lib_a-stdio.o)
 .ARM.attributes
                0x00000a83       0x32 c:/maximsdk/tools/gnutools/10.3/bin/../lib/gcc/arm-none-eabi/10.3.1/../../../../arm-none-eabi/lib/thumb/v7e-m+fp/softfp\libc.a(lib_a-strncpy.o)
 .ARM.attributes
                0x00000ab5       0x32 c:/maximsdk/tools/gnutools/10.3/bin/../lib/gcc/arm-none-eabi/10.3.1/../../../../arm-none-eabi/lib/thumb/v7e-m+fp/softfp\libc.a(lib_a-vfiprintf.o)
 .ARM.attributes
                0x00000ae7       0x32 c:/maximsdk/tools/gnutools/10.3/bin/../lib/gcc/arm-none-eabi/10.3.1/../../../../arm-none-eabi/lib/thumb/v7e-m+fp/softfp\libc.a(lib_a-writer.o)
 .ARM.attributes
                0x00000b19       0x32 c:/maximsdk/tools/gnutools/10.3/bin/../lib/gcc/arm-none-eabi/10.3.1/../../../../arm-none-eabi/lib/thumb/v7e-m+fp/softfp\libc.a(lib_a-__atexit.o)
 .ARM.attributes
                0x00000b4b       0x32 c:/maximsdk/tools/gnutools/10.3/bin/../lib/gcc/arm-none-eabi/10.3.1/../../../../arm-none-eabi/lib/thumb/v7e-m+fp/softfp\libc.a(lib_a-assert.o)
 .ARM.attributes
                0x00000b7d       0x32 c:/maximsdk/tools/gnutools/10.3/bin/../lib/gcc/arm-none-eabi/10.3.1/../../../../arm-none-eabi/lib/thumb/v7e-m+fp/softfp\libc.a(lib_a-callocr.o)
 .ARM.attributes
                0x00000baf       0x32 c:/maximsdk/tools/gnutools/10.3/bin/../lib/gcc/arm-none-eabi/10.3.1/../../../../arm-none-eabi/lib/thumb/v7e-m+fp/softfp\libc.a(lib_a-closer.o)
 .ARM.attributes
                0x00000be1       0x32 c:/maximsdk/tools/gnutools/10.3/bin/../lib/gcc/arm-none-eabi/10.3.1/../../../../arm-none-eabi/lib/thumb/v7e-m+fp/softfp\libc.a(lib_a-fclose.o)
 .ARM.attributes
                0x00000c13       0x32 c:/maximsdk/tools/gnutools/10.3/bin/../lib/gcc/arm-none-eabi/10.3.1/../../../../arm-none-eabi/lib/thumb/v7e-m+fp/softfp\libc.a(lib_a-fiprintf.o)
 .ARM.attributes
                0x00000c45       0x32 c:/maximsdk/tools/gnutools/10.3/bin/../lib/gcc/arm-none-eabi/10.3.1/../../../../arm-none-eabi/lib/thumb/v7e-m+fp/softfp\libc.a(lib_a-fputwc.o)
 .ARM.attributes
                0x00000c77       0x32 c:/maximsdk/tools/gnutools/10.3/bin/../lib/gcc/arm-none-eabi/10.3.1/../../../../arm-none-eabi/lib/thumb/v7e-m+fp/softfp\libc.a(lib_a-fstatr.o)
 .ARM.attributes
                0x00000ca9       0x32 c:/maximsdk/tools/gnutools/10.3/bin/../lib/gcc/arm-none-eabi/10.3.1/../../../../arm-none-eabi/lib/thumb/v7e-m+fp/softfp\libc.a(lib_a-isattyr.o)
 .ARM.attributes
                0x00000cdb       0x32 c:/maximsdk/tools/gnutools/10.3/bin/../lib/gcc/arm-none-eabi/10.3.1/../../../../arm-none-eabi/lib/thumb/v7e-m+fp/softfp\libc.a(lib_a-locale.o)
 .ARM.attributes
                0x00000d0d       0x32 c:/maximsdk/tools/gnutools/10.3/bin/../lib/gcc/arm-none-eabi/10.3.1/../../../../arm-none-eabi/lib/thumb/v7e-m+fp/softfp\libc.a(lib_a-lseekr.o)
 .ARM.attributes
                0x00000d3f       0x32 c:/maximsdk/tools/gnutools/10.3/bin/../lib/gcc/arm-none-eabi/10.3.1/../../../../arm-none-eabi/lib/thumb/v7e-m+fp/softfp\libc.a(lib_a-mbtowc_r.o)
 .ARM.attributes
                0x00000d71       0x32 c:/maximsdk/tools/gnutools/10.3/bin/../lib/gcc/arm-none-eabi/10.3.1/../../../../arm-none-eabi/lib/thumb/v7e-m+fp/softfp\libc.a(lib_a-readr.o)
 .ARM.attributes
                0x00000da3       0x32 c:/maximsdk/tools/gnutools/10.3/bin/../lib/gcc/arm-none-eabi/10.3.1/../../../../arm-none-eabi/lib/thumb/v7e-m+fp/softfp\libc.a(lib_a-wbuf.o)
 .ARM.attributes
                0x00000dd5       0x32 c:/maximsdk/tools/gnutools/10.3/bin/../lib/gcc/arm-none-eabi/10.3.1/../../../../arm-none-eabi/lib/thumb/v7e-m+fp/softfp\libc.a(lib_a-wcrtomb.o)
 .ARM.attributes
                0x00000e07       0x32 c:/maximsdk/tools/gnutools/10.3/bin/../lib/gcc/arm-none-eabi/10.3.1/../../../../arm-none-eabi/lib/thumb/v7e-m+fp/softfp\libc.a(lib_a-wctomb_r.o)
 .ARM.attributes
                0x00000e39       0x32 c:/maximsdk/tools/gnutools/10.3/bin/../lib/gcc/arm-none-eabi/10.3.1/../../../../arm-none-eabi/lib/thumb/v7e-m+fp/softfp\libc.a(lib_a-abort.o)
 .ARM.attributes
                0x00000e6b       0x32 c:/maximsdk/tools/gnutools/10.3/bin/../lib/gcc/arm-none-eabi/10.3.1/../../../../arm-none-eabi/lib/thumb/v7e-m+fp/softfp\libc.a(lib_a-ctype_.o)
 .ARM.attributes
                0x00000e9d       0x32 c:/maximsdk/tools/gnutools/10.3/bin/../lib/gcc/arm-none-eabi/10.3.1/../../../../arm-none-eabi/lib/thumb/v7e-m+fp/softfp\libc.a(lib_a-signal.o)
 .ARM.attributes
                0x00000ecf       0x32 c:/maximsdk/tools/gnutools/10.3/bin/../lib/gcc/arm-none-eabi/10.3.1/../../../../arm-none-eabi/lib/thumb/v7e-m+fp/softfp\libc.a(lib_a-signalr.o)
 .ARM.attributes
                0x00000f01       0x32 c:/maximsdk/tools/gnutools/10.3/bin/../lib/gcc/arm-none-eabi/10.3.1/../../../../arm-none-eabi/lib/thumb/v7e-m+fp/softfp\libnosys.a(getpid.o)
 .ARM.attributes
                0x00000f33       0x32 c:/maximsdk/tools/gnutools/10.3/bin/../lib/gcc/arm-none-eabi/10.3.1/../../../../arm-none-eabi/lib/thumb/v7e-m+fp/softfp\libnosys.a(kill.o)
 .ARM.attributes
                0x00000f65       0x32 c:/maximsdk/tools/gnutools/10.3/bin/../lib/gcc/arm-none-eabi/10.3.1/../../../../arm-none-eabi/lib/thumb/v7e-m+fp/softfp\libnosys.a(_exit.o)
 .ARM.attributes
                0x00000f97       0x1e c:/maximsdk/tools/gnutools/10.3/bin/../lib/gcc/arm-none-eabi/10.3.1/thumb/v7e-m+fp/softfp\libgcc.a(_arm_addsubdf3.o)
 .ARM.attributes
                0x00000fb5       0x1e c:/maximsdk/tools/gnutools/10.3/bin/../lib/gcc/arm-none-eabi/10.3.1/thumb/v7e-m+fp/softfp\libgcc.a(_arm_muldivdf3.o)
 .ARM.attributes
                0x00000fd3       0x1e c:/maximsdk/tools/gnutools/10.3/bin/../lib/gcc/arm-none-eabi/10.3.1/thumb/v7e-m+fp/softfp\libgcc.a(_arm_cmpdf2.o)
 .ARM.attributes
                0x00000ff1       0x1e c:/maximsdk/tools/gnutools/10.3/bin/../lib/gcc/arm-none-eabi/10.3.1/thumb/v7e-m+fp/softfp\libgcc.a(_arm_unorddf2.o)
 .ARM.attributes
                0x0000100f       0x1e c:/maximsdk/tools/gnutools/10.3/bin/../lib/gcc/arm-none-eabi/10.3.1/thumb/v7e-m+fp/softfp\libgcc.a(_arm_fixdfsi.o)
 .ARM.attributes
                0x0000102d       0x1e c:/maximsdk/tools/gnutools/10.3/bin/../lib/gcc/arm-none-eabi/10.3.1/thumb/v7e-m+fp/softfp\libgcc.a(_aeabi_uldivmod.o)
 .ARM.attributes
                0x0000104b       0x32 c:/maximsdk/tools/gnutools/10.3/bin/../lib/gcc/arm-none-eabi/10.3.1/thumb/v7e-m+fp/softfp\libgcc.a(_udivmoddi4.o)
 .ARM.attributes
                0x0000107d       0x1e c:/maximsdk/tools/gnutools/10.3/bin/../lib/gcc/arm-none-eabi/10.3.1/thumb/v7e-m+fp/softfp\libgcc.a(_dvmd_tls.o)
 .ARM.attributes
                0x0000109b       0x32 c:/maximsdk/tools/gnutools/10.3/bin/../lib/gcc/arm-none-eabi/10.3.1/thumb/v7e-m+fp/softfp/crtend.o
 .ARM.attributes
                0x000010cd       0x1e c:/maximsdk/tools/gnutools/10.3/bin/../lib/gcc/arm-none-eabi/10.3.1/thumb/v7e-m+fp/softfp/crtn.o

.comment        0x00000000       0x49
 .comment       0x00000000       0x49 C:/MaximSDK/Examples/MAX78000/WUT/build/main.o
                                 0x4a (size before relaxing)
 .comment       0x00000049       0x4a C:/MaximSDK/Examples/MAX78000/WUT/build/board.o
 .comment       0x00000049       0x4a C:/MaximSDK/Examples/MAX78000/WUT/build/stdio.o
 .comment       0x00000049       0x4a C:/MaximSDK/Examples/MAX78000/WUT/build/led.o
 .comment       0x00000049       0x4a C:/MaximSDK/Examples/MAX78000/WUT/build/pb.o
 .comment       0x00000049       0x4a C:/MaximSDK/Examples/MAX78000/WUT/build/heap.o
 .comment       0x00000049       0x4a C:/MaximSDK/Examples/MAX78000/WUT/build/system_max78000.o
 .comment       0x00000049       0x4a C:/MaximSDK/Libraries/PeriphDrivers/bin/MAX78000/softfp/libPeriphDriver_softfp.a(mxc_delay.o)
 .comment       0x00000049       0x4a C:/MaximSDK/Libraries/PeriphDrivers/bin/MAX78000/softfp/libPeriphDriver_softfp.a(pins_ai85.o)
 .comment       0x00000049       0x4a C:/MaximSDK/Libraries/PeriphDrivers/bin/MAX78000/softfp/libPeriphDriver_softfp.a(sys_ai85.o)
 .comment       0x00000049       0x4a C:/MaximSDK/Libraries/PeriphDrivers/bin/MAX78000/softfp/libPeriphDriver_softfp.a(lp_ai85.o)
 .comment       0x00000049       0x4a C:/MaximSDK/Libraries/PeriphDrivers/bin/MAX78000/softfp/libPeriphDriver_softfp.a(gpio_ai85.o)
 .comment       0x00000049       0x4a C:/MaximSDK/Libraries/PeriphDrivers/bin/MAX78000/softfp/libPeriphDriver_softfp.a(gpio_reva.o)
 .comment       0x00000049       0x4a C:/MaximSDK/Libraries/PeriphDrivers/bin/MAX78000/softfp/libPeriphDriver_softfp.a(icc_me17.o)
 .comment       0x00000049       0x4a C:/MaximSDK/Libraries/PeriphDrivers/bin/MAX78000/softfp/libPeriphDriver_softfp.a(icc_reva.o)
 .comment       0x00000049       0x4a C:/MaximSDK/Libraries/PeriphDrivers/bin/MAX78000/softfp/libPeriphDriver_softfp.a(uart_ai85.o)
 .comment       0x00000049       0x4a C:/MaximSDK/Libraries/PeriphDrivers/bin/MAX78000/softfp/libPeriphDriver_softfp.a(uart_common.o)
 .comment       0x00000049       0x4a C:/MaximSDK/Libraries/PeriphDrivers/bin/MAX78000/softfp/libPeriphDriver_softfp.a(uart_revb.o)
 .comment       0x00000049       0x4a C:/MaximSDK/Libraries/PeriphDrivers/bin/MAX78000/softfp/libPeriphDriver_softfp.a(wut_me17.o)
 .comment       0x00000049       0x4a C:/MaximSDK/Libraries/PeriphDrivers/bin/MAX78000/softfp/libPeriphDriver_softfp.a(wut_reva.o)
 .comment       0x00000049       0x4a C:/MaximSDK/Libraries/PeriphDrivers/bin/MAX78000/softfp/libPeriphDriver_softfp.a(gpio_common.o)

.debug_info     0x00000000     0xdd81
 .debug_info    0x00000000      0x9d7 C:/MaximSDK/Examples/MAX78000/WUT/build/main.o
 .debug_info    0x000009d7      0xecc C:/MaximSDK/Examples/MAX78000/WUT/build/board.o
 .debug_info    0x000018a3      0x5fc C:/MaximSDK/Examples/MAX78000/WUT/build/stdio.o
 .debug_info    0x00001e9f      0x5d4 C:/MaximSDK/Examples/MAX78000/WUT/build/led.o
 .debug_info    0x00002473      0xc29 C:/MaximSDK/Examples/MAX78000/WUT/build/pb.o
 .debug_info    0x0000309c      0x112 C:/MaximSDK/Examples/MAX78000/WUT/build/heap.o
 .debug_info    0x000031ae      0x5de C:/MaximSDK/Examples/MAX78000/WUT/build/system_max78000.o
 .debug_info    0x0000378c      0x3be C:/MaximSDK/Libraries/PeriphDrivers/bin/MAX78000/softfp/libPeriphDriver_softfp.a(mxc_delay.o)